#
# There is insufficient memory for the Java Runtime Environment to continue.
# Native memory allocation (malloc) failed to allocate 1257712 bytes for Chunk::new
# Possible reasons:
#   The system is out of physical RAM or swap space
#   The process is running with CompressedOops enabled, and the Java Heap may be blocking the growth of the native heap
# Possible solutions:
#   Reduce memory load on the system
#   Increase physical memory or swap space
#   Check if swap backing store is full
#   Decrease Java heap size (-Xmx/-Xms)
#   Decrease number of Java threads
#   Decrease Java thread stack sizes (-Xss)
#   Set larger code cache with -XX:ReservedCodeCacheSize=
#   JVM is running with Unscaled Compressed Oops mode in which the Java heap is
#     placed in the first 4GB address space. The Java Heap base address is the
#     maximum limit for the native heap growth. Please use -XX:HeapBaseMinAddress
#     to set the Java Heap base and to place the Java Heap above 4GB virtual address.
# This output file may be truncated or incomplete.
#
#  Out of Memory Error (arena.cpp:168), pid=9032, tid=18332
#
# JRE version: Java(TM) SE Runtime Environment (21.0.8+12) (build 21.0.8+12-LTS-250)
# Java VM: Java HotSpot(TM) 64-Bit Server VM (21.0.8+12-LTS-250, mixed mode, sharing, tiered, compressed oops, compressed class ptrs, g1 gc, windows-amd64)
# No core dump will be written. Minidumps are not enabled by default on client versions of Windows
#

---------------  S U M M A R Y ------------

Command Line: -Dmaven.multiModuleProjectDirectory=C:\Users\USER\Desktop\SCM\scm-back -Djansi.passthrough=true -Dmaven.home=C:\Users\USER\.m2\wrapper\dists\apache-maven-3.9.9-bin\4nf9hui3q3djbarqar9g711ggc\apache-maven-3.9.9 -Dclassworlds.conf=C:\Users\USER\.m2\wrapper\dists\apache-maven-3.9.9-bin\4nf9hui3q3djbarqar9g711ggc\apache-maven-3.9.9\bin\m2.conf -Dmaven.ext.class.path=C:\Program Files\JetBrains\IntelliJ IDEA 2024.3.2.2\plugins\maven\lib\maven-event-listener.jar -javaagent:C:\Program Files\JetBrains\IntelliJ IDEA 2024.3.2.2\lib\idea_rt.jar=64462:C:\Program Files\JetBrains\IntelliJ IDEA 2024.3.2.2\bin -Dfile.encoding=UTF-8 -Dsun.stdout.encoding=UTF-8 -Dsun.stderr.encoding=UTF-8 org.codehaus.classworlds.Launcher -Didea.version=2024.3.2.2 package

Host: Intel(R) Core(TM) i5-6300U CPU @ 2.40GHz, 4 cores, 7G,  Windows 10 , 64 bit Build 19041 (10.0.19041.5915)
Time: Mon May  4 13:23:43 2026 Afr. centrale Ouest elapsed time: 54.731716 seconds (0d 0h 0m 54s)

---------------  T H R E A D  ---------------

Current thread (0x00000222c9b36c10):  JavaThread "C2 CompilerThread0" daemon [_thread_in_native, id=18332, stack(0x000000e5f2b00000,0x000000e5f2c00000) (1024K)]


Current CompileTask:
C2:  54732 7346       4       com.sun.tools.javac.comp.Resolve::findInheritedMemberType (186 bytes)

Stack: [0x000000e5f2b00000,0x000000e5f2c00000]
Native frames: (J=compiled Java code, j=interpreted, Vv=VM code, C=native code)
V  [jvm.dll+0x6cc179]
V  [jvm.dll+0x8584c1]
V  [jvm.dll+0x85a9ee]
V  [jvm.dll+0x85b0c3]
V  [jvm.dll+0x27ebf6]
V  [jvm.dll+0xc4f4d]
V  [jvm.dll+0xc5483]
V  [jvm.dll+0x3b6abc]
V  [jvm.dll+0x1e0559]
V  [jvm.dll+0x2477c2]
V  [jvm.dll+0x246c4f]
V  [jvm.dll+0x1c7a3e]
V  [jvm.dll+0x256359]
V  [jvm.dll+0x2548ea]
V  [jvm.dll+0x3efef6]
V  [jvm.dll+0x80279b]
V  [jvm.dll+0x6ca85d]
C  [ucrtbase.dll+0x21bb2]
C  [KERNEL32.DLL+0x17374]
C  [ntdll.dll+0x4cc91]


---------------  P R O C E S S  ---------------

Threads class SMR info:
_java_thread_list=0x0000022310a82b60, length=13, elements={
0x00000222ab952e90, 0x00000222c9b2d8b0, 0x00000222c9b2f980, 0x00000222c9b33fa0,
0x00000222c9b349f0, 0x00000222c9b35440, 0x00000222c9b35e90, 0x00000222c9b36c10,
0x00000222c9b38a10, 0x000002230f03aaf0, 0x000002230f1f4850, 0x000002230f1f4eb0,
0x000002230f806c30
}

Java Threads: ( => current thread )
  0x00000222ab952e90 JavaThread "main"                              [_thread_in_Java, id=14572, stack(0x000000e5f1d00000,0x000000e5f1e00000) (1024K)]
  0x00000222c9b2d8b0 JavaThread "Reference Handler"          daemon [_thread_blocked, id=14324, stack(0x000000e5f2500000,0x000000e5f2600000) (1024K)]
  0x00000222c9b2f980 JavaThread "Finalizer"                  daemon [_thread_blocked, id=2932, stack(0x000000e5f2600000,0x000000e5f2700000) (1024K)]
  0x00000222c9b33fa0 JavaThread "Signal Dispatcher"          daemon [_thread_blocked, id=19192, stack(0x000000e5f2700000,0x000000e5f2800000) (1024K)]
  0x00000222c9b349f0 JavaThread "Attach Listener"            daemon [_thread_blocked, id=8160, stack(0x000000e5f2800000,0x000000e5f2900000) (1024K)]
  0x00000222c9b35440 JavaThread "Service Thread"             daemon [_thread_blocked, id=7620, stack(0x000000e5f2900000,0x000000e5f2a00000) (1024K)]
  0x00000222c9b35e90 JavaThread "Monitor Deflation Thread"   daemon [_thread_blocked, id=14072, stack(0x000000e5f2a00000,0x000000e5f2b00000) (1024K)]
=>0x00000222c9b36c10 JavaThread "C2 CompilerThread0"         daemon [_thread_in_native, id=18332, stack(0x000000e5f2b00000,0x000000e5f2c00000) (1024K)]
  0x00000222c9b38a10 JavaThread "C1 CompilerThread0"         daemon [_thread_blocked, id=14280, stack(0x000000e5f2c00000,0x000000e5f2d00000) (1024K)]
  0x000002230f03aaf0 JavaThread "Common-Cleaner"             daemon [_thread_blocked, id=6268, stack(0x000000e5f2d00000,0x000000e5f2e00000) (1024K)]
  0x000002230f1f4850 JavaThread "Monitor Ctrl-Break"         daemon [_thread_in_native, id=18416, stack(0x000000e5f2e00000,0x000000e5f2f00000) (1024K)]
  0x000002230f1f4eb0 JavaThread "Notification Thread"        daemon [_thread_blocked, id=1432, stack(0x000000e5f2f00000,0x000000e5f3000000) (1024K)]
  0x000002230f806c30 JavaThread "Thread-1"                   daemon [_thread_blocked, id=11496, stack(0x000000e5f3300000,0x000000e5f3400000) (1024K)]
Total: 13

Other Threads:
  0x00000222c9b10a00 VMThread "VM Thread"                           [id=18932, stack(0x000000e5f2400000,0x000000e5f2500000) (1024K)]
  0x00000222c9afd410 WatcherThread "VM Periodic Task Thread"        [id=17852, stack(0x000000e5f2300000,0x000000e5f2400000) (1024K)]
  0x00000222ada814d0 WorkerThread "GC Thread#0"                     [id=7428, stack(0x000000e5f1e00000,0x000000e5f1f00000) (1024K)]
  0x000002230fa825c0 WorkerThread "GC Thread#1"                     [id=19008, stack(0x000000e5f3000000,0x000000e5f3100000) (1024K)]
  0x000002230fa82960 WorkerThread "GC Thread#2"                     [id=7348, stack(0x000000e5f3100000,0x000000e5f3200000) (1024K)]
  0x000002230f7874f0 WorkerThread "GC Thread#3"                     [id=14508, stack(0x000000e5f3200000,0x000000e5f3300000) (1024K)]
  0x00000222ada929d0 ConcurrentGCThread "G1 Main Marker"            [id=17724, stack(0x000000e5f1f00000,0x000000e5f2000000) (1024K)]
  0x00000222ada933e0 WorkerThread "G1 Conc#0"                       [id=19784, stack(0x000000e5f2000000,0x000000e5f2100000) (1024K)]
  0x00000222c99c50d0 ConcurrentGCThread "G1 Refine#0"               [id=19952, stack(0x000000e5f2100000,0x000000e5f2200000) (1024K)]
  0x00000222c99c5b50 ConcurrentGCThread "G1 Service"                [id=12772, stack(0x000000e5f2200000,0x000000e5f2300000) (1024K)]
Total: 10

Threads with active compile tasks:
C2 CompilerThread0    54823 7346       4       com.sun.tools.javac.comp.Resolve::findInheritedMemberType (186 bytes)
Total: 1

VM state: not at safepoint (normal execution)

VM Mutex/Monitor currently owned by a thread: None

Heap address: 0x0000000081a00000, size: 2022 MB, Compressed Oops mode: 32-bit

CDS archive(s) mapped at: [0x00000222ca000000-0x00000222cac90000-0x00000222cac90000), size 13172736, SharedBaseAddress: 0x00000222ca000000, ArchiveRelocationMode: 1.
Compressed class space mapped at: 0x00000222cb000000-0x000002230b000000, reserved size: 1073741824
Narrow klass base: 0x00000222ca000000, Narrow klass shift: 0, Narrow klass range: 0x100000000

GC Precious Log:
 CardTable entry size: 512
 Card Set container configuration: InlinePtr #cards 5 size 8 Array Of Cards #cards 12 size 40 Howl #buckets 4 coarsen threshold 1843 Howl Bitmap #cards 512 size 80 coarsen threshold 460 Card regions per heap region 1 cards per card region 2048
 CPUs: 4 total, 4 available
 Memory: 8083M
 Large Page Support: Disabled
 NUMA Support: Disabled
 Compressed Oops: Enabled (32-bit)
 Heap Region Size: 1M
 Heap Min Capacity: 8M
 Heap Initial Capacity: 128M
 Heap Max Capacity: 2022M
 Pre-touch: Disabled
 Parallel Workers: 4
 Concurrent Workers: 1
 Concurrent Refinement Workers: 4
 Periodic GC: Disabled

Heap:
 garbage-first heap   total 96256K, used 72704K [0x0000000081a00000, 0x0000000100000000)
  region size 1024K, 14 young (14336K), 3 survivors (3072K)
 Metaspace       used 28228K, committed 28544K, reserved 1114112K
  class space    used 3079K, committed 3200K, reserved 1048576K

Heap Regions: E=young(eden), S=young(survivor), O=old, HS=humongous(starts), HC=humongous(continues), CS=collection set, F=free, TAMS=top-at-mark-start, PB=parsable bottom
|   0|0x0000000081a00000, 0x0000000081b00000, 0x0000000081b00000|100%| O|  |TAMS 0x0000000081a00000| PB 0x0000000081a00000| Untracked 
|   1|0x0000000081b00000, 0x0000000081c00000, 0x0000000081c00000|100%| O|  |TAMS 0x0000000081b00000| PB 0x0000000081b00000| Untracked 
|   2|0x0000000081c00000, 0x0000000081d00000, 0x0000000081d00000|100%| O|  |TAMS 0x0000000081c00000| PB 0x0000000081c00000| Untracked 
|   3|0x0000000081d00000, 0x0000000081e00000, 0x0000000081e00000|100%| O|  |TAMS 0x0000000081d00000| PB 0x0000000081d00000| Untracked 
|   4|0x0000000081e00000, 0x0000000081f00000, 0x0000000081f00000|100%| O|  |TAMS 0x0000000081e00000| PB 0x0000000081e00000| Untracked 
|   5|0x0000000081f00000, 0x0000000082000000, 0x0000000082000000|100%| O|  |TAMS 0x0000000081f00000| PB 0x0000000081f00000| Untracked 
|   6|0x0000000082000000, 0x0000000082100000, 0x0000000082100000|100%| O|  |TAMS 0x0000000082000000| PB 0x0000000082000000| Untracked 
|   7|0x0000000082100000, 0x0000000082200000, 0x0000000082200000|100%| O|  |TAMS 0x0000000082100000| PB 0x0000000082100000| Untracked 
|   8|0x0000000082200000, 0x0000000082300000, 0x0000000082300000|100%| O|  |TAMS 0x0000000082200000| PB 0x0000000082200000| Untracked 
|   9|0x0000000082300000, 0x0000000082400000, 0x0000000082400000|100%| O|  |TAMS 0x0000000082300000| PB 0x0000000082300000| Untracked 
|  10|0x0000000082400000, 0x0000000082500000, 0x0000000082500000|100%| O|  |TAMS 0x0000000082400000| PB 0x0000000082400000| Untracked 
|  11|0x0000000082500000, 0x0000000082600000, 0x0000000082600000|100%| O|  |TAMS 0x0000000082500000| PB 0x0000000082500000| Untracked 
|  12|0x0000000082600000, 0x0000000082700000, 0x0000000082700000|100%| O|  |TAMS 0x0000000082600000| PB 0x0000000082600000| Untracked 
|  13|0x0000000082700000, 0x0000000082800000, 0x0000000082800000|100%| O|  |TAMS 0x0000000082700000| PB 0x0000000082700000| Untracked 
|  14|0x0000000082800000, 0x0000000082900000, 0x0000000082900000|100%| O|  |TAMS 0x0000000082800000| PB 0x0000000082800000| Untracked 
|  15|0x0000000082900000, 0x0000000082a00000, 0x0000000082a00000|100%|HS|  |TAMS 0x0000000082900000| PB 0x0000000082900000| Complete 
|  16|0x0000000082a00000, 0x0000000082b00000, 0x0000000082b00000|100%|HC|  |TAMS 0x0000000082a00000| PB 0x0000000082a00000| Complete 
|  17|0x0000000082b00000, 0x0000000082c00000, 0x0000000082c00000|100%|HC|  |TAMS 0x0000000082b00000| PB 0x0000000082b00000| Complete 
|  18|0x0000000082c00000, 0x0000000082d00000, 0x0000000082d00000|100%|HS|  |TAMS 0x0000000082c00000| PB 0x0000000082c00000| Complete 
|  19|0x0000000082d00000, 0x0000000082e00000, 0x0000000082e00000|100%|HC|  |TAMS 0x0000000082d00000| PB 0x0000000082d00000| Complete 
|  20|0x0000000082e00000, 0x0000000082f00000, 0x0000000082f00000|100%|HC|  |TAMS 0x0000000082e00000| PB 0x0000000082e00000| Complete 
|  21|0x0000000082f00000, 0x0000000083000000, 0x0000000083000000|100%|HS|  |TAMS 0x0000000082f00000| PB 0x0000000082f00000| Complete 
|  22|0x0000000083000000, 0x0000000083100000, 0x0000000083100000|100%| O|  |TAMS 0x0000000083000000| PB 0x0000000083000000| Untracked 
|  23|0x0000000083100000, 0x0000000083200000, 0x0000000083200000|100%| O|  |TAMS 0x0000000083100000| PB 0x0000000083100000| Untracked 
|  24|0x0000000083200000, 0x0000000083300000, 0x0000000083300000|100%| O|  |TAMS 0x0000000083200000| PB 0x0000000083200000| Untracked 
|  25|0x0000000083300000, 0x0000000083400000, 0x0000000083400000|100%| O|  |TAMS 0x0000000083300000| PB 0x0000000083300000| Untracked 
|  26|0x0000000083400000, 0x0000000083500000, 0x0000000083500000|100%| O|  |TAMS 0x0000000083400000| PB 0x0000000083400000| Untracked 
|  27|0x0000000083500000, 0x0000000083600000, 0x0000000083600000|100%|HS|  |TAMS 0x0000000083500000| PB 0x0000000083500000| Complete 
|  28|0x0000000083600000, 0x0000000083700000, 0x0000000083700000|100%| O|  |TAMS 0x0000000083600000| PB 0x0000000083600000| Untracked 
|  29|0x0000000083700000, 0x0000000083800000, 0x0000000083800000|100%| O|  |TAMS 0x0000000083700000| PB 0x0000000083700000| Untracked 
|  30|0x0000000083800000, 0x0000000083900000, 0x0000000083900000|100%| O|  |TAMS 0x0000000083800000| PB 0x0000000083800000| Untracked 
|  31|0x0000000083900000, 0x0000000083a00000, 0x0000000083a00000|100%| O|  |TAMS 0x0000000083900000| PB 0x0000000083900000| Untracked 
|  32|0x0000000083a00000, 0x0000000083b00000, 0x0000000083b00000|100%| O|  |TAMS 0x0000000083a00000| PB 0x0000000083a00000| Untracked 
|  33|0x0000000083b00000, 0x0000000083c00000, 0x0000000083c00000|100%| O|  |TAMS 0x0000000083b00000| PB 0x0000000083b00000| Untracked 
|  34|0x0000000083c00000, 0x0000000083d00000, 0x0000000083d00000|100%| O|  |TAMS 0x0000000083c00000| PB 0x0000000083c00000| Untracked 
|  35|0x0000000083d00000, 0x0000000083e00000, 0x0000000083e00000|100%| O|  |TAMS 0x0000000083d00000| PB 0x0000000083d00000| Untracked 
|  36|0x0000000083e00000, 0x0000000083f00000, 0x0000000083f00000|100%| O|  |TAMS 0x0000000083e00000| PB 0x0000000083e00000| Untracked 
|  37|0x0000000083f00000, 0x0000000084000000, 0x0000000084000000|100%| O|  |TAMS 0x0000000083f00000| PB 0x0000000083f00000| Untracked 
|  38|0x0000000084000000, 0x0000000084100000, 0x0000000084100000|100%| O|  |TAMS 0x0000000084000000| PB 0x0000000084000000| Untracked 
|  39|0x0000000084100000, 0x0000000084200000, 0x0000000084200000|100%| O|  |TAMS 0x0000000084100000| PB 0x0000000084100000| Untracked 
|  40|0x0000000084200000, 0x0000000084300000, 0x0000000084300000|100%| O|  |TAMS 0x0000000084200000| PB 0x0000000084200000| Untracked 
|  41|0x0000000084300000, 0x0000000084400000, 0x0000000084400000|100%| O|  |TAMS 0x0000000084300000| PB 0x0000000084300000| Untracked 
|  42|0x0000000084400000, 0x0000000084500000, 0x0000000084500000|100%| O|  |TAMS 0x0000000084400000| PB 0x0000000084400000| Untracked 
|  43|0x0000000084500000, 0x0000000084600000, 0x0000000084600000|100%| O|  |TAMS 0x0000000084500000| PB 0x0000000084500000| Untracked 
|  44|0x0000000084600000, 0x0000000084700000, 0x0000000084700000|100%| O|  |TAMS 0x0000000084600000| PB 0x0000000084600000| Untracked 
|  45|0x0000000084700000, 0x0000000084800000, 0x0000000084800000|100%| O|  |TAMS 0x0000000084700000| PB 0x0000000084700000| Untracked 
|  46|0x0000000084800000, 0x0000000084900000, 0x0000000084900000|100%| O|  |TAMS 0x0000000084800000| PB 0x0000000084800000| Untracked 
|  47|0x0000000084900000, 0x0000000084900000, 0x0000000084a00000|  0%| F|  |TAMS 0x0000000084900000| PB 0x0000000084900000| Untracked 
|  48|0x0000000084a00000, 0x0000000084a00000, 0x0000000084b00000|  0%| F|  |TAMS 0x0000000084a00000| PB 0x0000000084a00000| Untracked 
|  49|0x0000000084b00000, 0x0000000084b00000, 0x0000000084c00000|  0%| F|  |TAMS 0x0000000084b00000| PB 0x0000000084b00000| Untracked 
|  50|0x0000000084c00000, 0x0000000084c00000, 0x0000000084d00000|  0%| F|  |TAMS 0x0000000084c00000| PB 0x0000000084c00000| Untracked 
|  51|0x0000000084d00000, 0x0000000084d00000, 0x0000000084e00000|  0%| F|  |TAMS 0x0000000084d00000| PB 0x0000000084d00000| Untracked 
|  52|0x0000000084e00000, 0x0000000084e00000, 0x0000000084f00000|  0%| F|  |TAMS 0x0000000084e00000| PB 0x0000000084e00000| Untracked 
|  53|0x0000000084f00000, 0x0000000084f00000, 0x0000000085000000|  0%| F|  |TAMS 0x0000000084f00000| PB 0x0000000084f00000| Untracked 
|  54|0x0000000085000000, 0x0000000085000000, 0x0000000085100000|  0%| F|  |TAMS 0x0000000085000000| PB 0x0000000085000000| Untracked 
|  55|0x0000000085100000, 0x0000000085100000, 0x0000000085200000|  0%| F|  |TAMS 0x0000000085100000| PB 0x0000000085100000| Untracked 
|  56|0x0000000085200000, 0x0000000085300000, 0x0000000085300000|100%| S|CS|TAMS 0x0000000085200000| PB 0x0000000085200000| Complete 
|  57|0x0000000085300000, 0x0000000085400000, 0x0000000085400000|100%| S|CS|TAMS 0x0000000085300000| PB 0x0000000085300000| Complete 
|  58|0x0000000085400000, 0x0000000085500000, 0x0000000085500000|100%| S|CS|TAMS 0x0000000085400000| PB 0x0000000085400000| Complete 
|  59|0x0000000085500000, 0x0000000085500000, 0x0000000085600000|  0%| F|  |TAMS 0x0000000085500000| PB 0x0000000085500000| Untracked 
|  60|0x0000000085600000, 0x0000000085600000, 0x0000000085700000|  0%| F|  |TAMS 0x0000000085600000| PB 0x0000000085600000| Untracked 
|  61|0x0000000085700000, 0x0000000085700000, 0x0000000085800000|  0%| F|  |TAMS 0x0000000085700000| PB 0x0000000085700000| Untracked 
|  62|0x0000000085800000, 0x0000000085800000, 0x0000000085900000|  0%| F|  |TAMS 0x0000000085800000| PB 0x0000000085800000| Untracked 
|  63|0x0000000085900000, 0x0000000085900000, 0x0000000085a00000|  0%| F|  |TAMS 0x0000000085900000| PB 0x0000000085900000| Untracked 
|  64|0x0000000085a00000, 0x0000000085a00000, 0x0000000085b00000|  0%| F|  |TAMS 0x0000000085a00000| PB 0x0000000085a00000| Untracked 
|  65|0x0000000085b00000, 0x0000000085b00000, 0x0000000085c00000|  0%| F|  |TAMS 0x0000000085b00000| PB 0x0000000085b00000| Untracked 
|  66|0x0000000085c00000, 0x0000000085c00000, 0x0000000085d00000|  0%| F|  |TAMS 0x0000000085c00000| PB 0x0000000085c00000| Untracked 
|  67|0x0000000085d00000, 0x0000000085d00000, 0x0000000085e00000|  0%| F|  |TAMS 0x0000000085d00000| PB 0x0000000085d00000| Untracked 
|  68|0x0000000085e00000, 0x0000000085e00000, 0x0000000085f00000|  0%| F|  |TAMS 0x0000000085e00000| PB 0x0000000085e00000| Untracked 
|  69|0x0000000085f00000, 0x0000000085f00000, 0x0000000086000000|  0%| F|  |TAMS 0x0000000085f00000| PB 0x0000000085f00000| Untracked 
|  70|0x0000000086000000, 0x0000000086000000, 0x0000000086100000|  0%| F|  |TAMS 0x0000000086000000| PB 0x0000000086000000| Untracked 
|  71|0x0000000086100000, 0x0000000086100000, 0x0000000086200000|  0%| F|  |TAMS 0x0000000086100000| PB 0x0000000086100000| Untracked 
|  72|0x0000000086200000, 0x0000000086265738, 0x0000000086300000| 39%| E|  |TAMS 0x0000000086200000| PB 0x0000000086200000| Complete 
|  73|0x0000000086300000, 0x0000000086400000, 0x0000000086400000|100%| E|CS|TAMS 0x0000000086300000| PB 0x0000000086300000| Complete 
|  74|0x0000000086400000, 0x0000000086500000, 0x0000000086500000|100%| E|CS|TAMS 0x0000000086400000| PB 0x0000000086400000| Complete 
|  75|0x0000000086500000, 0x0000000086600000, 0x0000000086600000|100%| E|CS|TAMS 0x0000000086500000| PB 0x0000000086500000| Complete 
|  76|0x0000000086600000, 0x0000000086700000, 0x0000000086700000|100%| E|CS|TAMS 0x0000000086600000| PB 0x0000000086600000| Complete 
| 123|0x0000000089500000, 0x0000000089600000, 0x0000000089600000|100%| E|CS|TAMS 0x0000000089500000| PB 0x0000000089500000| Complete 
| 124|0x0000000089600000, 0x0000000089700000, 0x0000000089700000|100%| E|CS|TAMS 0x0000000089600000| PB 0x0000000089600000| Complete 
| 125|0x0000000089700000, 0x0000000089800000, 0x0000000089800000|100%| E|CS|TAMS 0x0000000089700000| PB 0x0000000089700000| Complete 
| 126|0x0000000089800000, 0x0000000089900000, 0x0000000089900000|100%| E|CS|TAMS 0x0000000089800000| PB 0x0000000089800000| Complete 
| 127|0x0000000089900000, 0x0000000089a00000, 0x0000000089a00000|100%| E|CS|TAMS 0x0000000089900000| PB 0x0000000089900000| Complete 
|2010|0x00000000ff400000, 0x00000000ff500000, 0x00000000ff500000|100%| E|CS|TAMS 0x00000000ff400000| PB 0x00000000ff400000| Complete 
|2011|0x00000000ff500000, 0x00000000ff600000, 0x00000000ff600000|100%| O|  |TAMS 0x00000000ff500000| PB 0x00000000ff500000| Untracked 
|2012|0x00000000ff600000, 0x00000000ff700000, 0x00000000ff700000|100%| O|  |TAMS 0x00000000ff600000| PB 0x00000000ff600000| Untracked 
|2013|0x00000000ff700000, 0x00000000ff800000, 0x00000000ff800000|100%| O|  |TAMS 0x00000000ff700000| PB 0x00000000ff700000| Untracked 
|2014|0x00000000ff800000, 0x00000000ff900000, 0x00000000ff900000|100%| O|  |TAMS 0x00000000ff800000| PB 0x00000000ff800000| Untracked 
|2015|0x00000000ff900000, 0x00000000ffa00000, 0x00000000ffa00000|100%| O|  |TAMS 0x00000000ff900000| PB 0x00000000ff900000| Untracked 
|2016|0x00000000ffa00000, 0x00000000ffb00000, 0x00000000ffb00000|100%| O|  |TAMS 0x00000000ffa00000| PB 0x00000000ffa00000| Untracked 
|2017|0x00000000ffb00000, 0x00000000ffc00000, 0x00000000ffc00000|100%| O|  |TAMS 0x00000000ffb00000| PB 0x00000000ffb00000| Untracked 
|2018|0x00000000ffc00000, 0x00000000ffd00000, 0x00000000ffd00000|100%| O|  |TAMS 0x00000000ffc00000| PB 0x00000000ffc00000| Untracked 
|2019|0x00000000ffd00000, 0x00000000ffe00000, 0x00000000ffe00000|100%| O|  |TAMS 0x00000000ffd00000| PB 0x00000000ffd00000| Untracked 
|2020|0x00000000ffe00000, 0x00000000fff00000, 0x00000000fff00000|100%| O|  |TAMS 0x00000000ffe00000| PB 0x00000000ffe00000| Untracked 
|2021|0x00000000fff00000, 0x0000000100000000, 0x0000000100000000|100%| O|  |TAMS 0x00000000fff00000| PB 0x00000000fff00000| Untracked 

Card table byte_map: [0x00000222c52d0000,0x00000222c56d0000] _byte_map_base: 0x00000222c4ec3000

Marking Bits: (CMBitMap*) 0x00000222ada81ae0
 Bits: [0x00000222c56d0000, 0x00000222c7668000)

Polling page: 0x00000222ab890000

Metaspace:

Usage:
  Non-class:     24.56 MB used.
      Class:      3.01 MB used.
       Both:     27.57 MB used.

Virtual space:
  Non-class space:       64.00 MB reserved,      24.75 MB ( 39%) committed,  1 nodes.
      Class space:        1.00 GB reserved,       3.12 MB ( <1%) committed,  1 nodes.
             Both:        1.06 GB reserved,      27.88 MB (  3%) committed. 

Chunk freelists:
   Non-Class:  6.36 MB
       Class:  12.83 MB
        Both:  19.19 MB

MaxMetaspaceSize: unlimited
CompressedClassSpaceSize: 1.00 GB
Initial GC threshold: 21.00 MB
Current GC threshold: 45.12 MB
CDS: on
 - commit_granule_bytes: 65536.
 - commit_granule_words: 8192.
 - virtual_space_node_default_size: 8388608.
 - enlarge_chunks_in_place: 1.
 - use_allocation_guard: 0.


Internal statistics:

num_allocs_failed_limit: 3.
num_arena_births: 238.
num_arena_deaths: 0.
num_vsnodes_births: 2.
num_vsnodes_deaths: 0.
num_space_committed: 446.
num_space_uncommitted: 0.
num_chunks_returned_to_freelist: 3.
num_chunks_taken_from_freelist: 1209.
num_chunk_merges: 0.
num_chunk_splits: 866.
num_chunks_enlarged: 692.
num_inconsistent_stats: 0.

CodeHeap 'non-profiled nmethods': size=120000Kb used=3710Kb max_used=3920Kb free=116289Kb
 bounds [0x00000222bd9a0000, 0x00000222bdd80000, 0x00000222c4ed0000]
CodeHeap 'profiled nmethods': size=120000Kb used=14414Kb max_used=15086Kb free=105586Kb
 bounds [0x00000222b5ed0000, 0x00000222b6d90000, 0x00000222bd400000]
CodeHeap 'non-nmethods': size=5760Kb used=1447Kb max_used=1517Kb free=4312Kb
 bounds [0x00000222bd400000, 0x00000222bd670000, 0x00000222bd9a0000]
 total_blobs=7052 nmethods=6519 adapters=437
 compilation: enabled
              stopped_count=0, restarted_count=0
 full_count=0

Compilation events (20 events):
Event: 54.487 Thread 0x0000022310cb7800 7344       4       com.sun.tools.javac.comp.Resolve::findImmediateMemberType (86 bytes)
Event: 54.505 Thread 0x0000022310cb7800 nmethod 7344 0x00000222bda5e590 code [0x00000222bda5e7c0, 0x00000222bda5eff8]
Event: 54.506 Thread 0x0000022310cb7800 7316       4       com.sun.tools.javac.code.Type$ClassType::<init> (38 bytes)
Event: 54.513 Thread 0x0000022310cb7800 nmethod 7316 0x00000222bdad4410 code [0x00000222bdad45a0, 0x00000222bdad4b68]
Event: 54.513 Thread 0x0000022310cb7800 7312       4       com.sun.tools.javac.code.Symbol$PackageSymbol::flags (9 bytes)
Event: 54.515 Thread 0x0000022310cb7800 nmethod 7312 0x00000222bda5df90 code [0x00000222bda5e120, 0x00000222bda5e2d0]
Event: 54.515 Thread 0x0000022310cb7800 7383       4       jdk.nio.zipfs.ZipPath::getFileName (5 bytes)
Event: 54.530 Thread 0x0000022310cb7800 nmethod 7383 0x00000222bdad3890 code [0x00000222bdad3a60, 0x00000222bdad4260]
Event: 54.530 Thread 0x0000022310cb7800 7315       4       java.util.HashMap::remove (26 bytes)
Event: 54.533 Thread 0x0000022310cb7800 nmethod 7315 0x00000222bdad3210 code [0x00000222bdad33a0, 0x00000222bdad3508]
Event: 54.533 Thread 0x0000022310cb7800 7369       4       com.sun.tools.javac.util.List::setTail (7 bytes)
Event: 54.535 Thread 0x0000022310cb7800 nmethod 7369 0x00000222bdab1090 code [0x00000222bdab1220, 0x00000222bdab1398]
Event: 54.535 Thread 0x0000022310cb7800 7372       4       java.util.stream.MatchOps$MatchOp::getOpFlags (8 bytes)
Event: 54.535 Thread 0x0000022310cb7800 nmethod 7372 0x00000222bda4bc90 code [0x00000222bda4be20, 0x00000222bda4beb0]
Event: 54.536 Thread 0x0000022310cb7800 7353       4       com.sun.tools.javac.tree.JCTree$JCPackageDecl::getTag (4 bytes)
Event: 54.536 Thread 0x0000022310cb7800 nmethod 7353 0x00000222bdab0d90 code [0x00000222bdab0f20, 0x00000222bdab0fb0]
Event: 54.537 Thread 0x0000022310cb7800 7384       4       com.sun.tools.javac.comp.Check::checkType (168 bytes)
Event: 54.545 Thread 0x0000022310cb7800 nmethod 7384 0x00000222bdab0390 code [0x00000222bdab0560, 0x00000222bdab09a0]
Event: 54.545 Thread 0x0000022310cb7800 7385  s    4       java.lang.Throwable::fillInStackTrace (29 bytes)
Event: 54.549 Thread 0x0000022310cb7800 nmethod 7385 0x00000222bdaafd10 code [0x00000222bdaafec0, 0x00000222bdab0290]

GC Heap History (20 events):
Event: 8.979 GC heap before
{Heap before GC invocations=1 (full 0):
 garbage-first heap   total 131072K, used 19711K [0x0000000081a00000, 0x0000000100000000)
  region size 1024K, 18 young (18432K), 2 survivors (2048K)
 Metaspace       used 6537K, committed 6720K, reserved 1114112K
  class space    used 744K, committed 832K, reserved 1048576K
}
Event: 8.986 GC heap after
{Heap after GC invocations=2 (full 0):
 garbage-first heap   total 131072K, used 4117K [0x0000000081a00000, 0x0000000100000000)
  region size 1024K, 1 young (1024K), 1 survivors (1024K)
 Metaspace       used 6537K, committed 6720K, reserved 1114112K
  class space    used 744K, committed 832K, reserved 1048576K
}
Event: 22.127 GC heap before
{Heap before GC invocations=2 (full 0):
 garbage-first heap   total 131072K, used 79893K [0x0000000081a00000, 0x0000000100000000)
  region size 1024K, 76 young (77824K), 1 survivors (1024K)
 Metaspace       used 16238K, committed 16512K, reserved 1114112K
  class space    used 1867K, committed 1984K, reserved 1048576K
}
Event: 22.145 GC heap after
{Heap after GC invocations=3 (full 0):
 garbage-first heap   total 131072K, used 11470K [0x0000000081a00000, 0x0000000100000000)
  region size 1024K, 8 young (8192K), 8 survivors (8192K)
 Metaspace       used 16238K, committed 16512K, reserved 1114112K
  class space    used 1867K, committed 1984K, reserved 1048576K
}
Event: 30.051 GC heap before
{Heap before GC invocations=3 (full 0):
 garbage-first heap   total 131072K, used 81102K [0x0000000081a00000, 0x0000000100000000)
  region size 1024K, 76 young (77824K), 8 survivors (8192K)
 Metaspace       used 17107K, committed 17472K, reserved 1114112K
  class space    used 1897K, committed 2048K, reserved 1048576K
}
Event: 30.075 GC heap after
{Heap after GC invocations=4 (full 0):
 garbage-first heap   total 131072K, used 16248K [0x0000000081a00000, 0x0000000100000000)
  region size 1024K, 5 young (5120K), 5 survivors (5120K)
 Metaspace       used 17107K, committed 17472K, reserved 1114112K
  class space    used 1897K, committed 2048K, reserved 1048576K
}
Event: 43.759 GC heap before
{Heap before GC invocations=4 (full 0):
 garbage-first heap   total 131072K, used 88952K [0x0000000081a00000, 0x0000000100000000)
  region size 1024K, 76 young (77824K), 5 survivors (5120K)
 Metaspace       used 21056K, committed 21376K, reserved 1114112K
  class space    used 2311K, committed 2496K, reserved 1048576K
}
Event: 43.771 GC heap after
{Heap after GC invocations=5 (full 0):
 garbage-first heap   total 131072K, used 19142K [0x0000000081a00000, 0x0000000100000000)
  region size 1024K, 8 young (8192K), 8 survivors (8192K)
 Metaspace       used 21056K, committed 21376K, reserved 1114112K
  class space    used 2311K, committed 2496K, reserved 1048576K
}
Event: 43.963 GC heap before
{Heap before GC invocations=5 (full 0):
 garbage-first heap   total 131072K, used 19142K [0x0000000081a00000, 0x0000000100000000)
  region size 1024K, 9 young (9216K), 8 survivors (8192K)
 Metaspace       used 21220K, committed 21504K, reserved 1114112K
  class space    used 2338K, committed 2496K, reserved 1048576K
}
Event: 43.980 GC heap after
{Heap after GC invocations=6 (full 0):
 garbage-first heap   total 131072K, used 18912K [0x0000000081a00000, 0x0000000100000000)
  region size 1024K, 4 young (4096K), 4 survivors (4096K)
 Metaspace       used 21220K, committed 21504K, reserved 1114112K
  class space    used 2338K, committed 2496K, reserved 1048576K
}
Event: 48.275 GC heap before
{Heap before GC invocations=7 (full 0):
 garbage-first heap   total 68608K, used 61920K [0x0000000081a00000, 0x0000000100000000)
  region size 1024K, 40 young (40960K), 4 survivors (4096K)
 Metaspace       used 26997K, committed 27328K, reserved 1114112K
  class space    used 2979K, committed 3136K, reserved 1048576K
}
Event: 48.312 GC heap after
{Heap after GC invocations=8 (full 0):
 garbage-first heap   total 81920K, used 40416K [0x0000000081a00000, 0x0000000100000000)
  region size 1024K, 5 young (5120K), 5 survivors (5120K)
 Metaspace       used 26997K, committed 27328K, reserved 1114112K
  class space    used 2979K, committed 3136K, reserved 1048576K
}
Event: 50.737 GC heap before
{Heap before GC invocations=8 (full 0):
 garbage-first heap   total 81920K, used 67040K [0x0000000081a00000, 0x0000000100000000)
  region size 1024K, 30 young (30720K), 5 survivors (5120K)
 Metaspace       used 27384K, committed 27712K, reserved 1114112K
  class space    used 3018K, committed 3136K, reserved 1048576K
}
Event: 50.755 GC heap after
{Heap after GC invocations=9 (full 0):
 garbage-first heap   total 81920K, used 48640K [0x0000000081a00000, 0x0000000100000000)
  region size 1024K, 4 young (4096K), 4 survivors (4096K)
 Metaspace       used 27384K, committed 27712K, reserved 1114112K
  class space    used 3018K, committed 3136K, reserved 1048576K
}
Event: 52.080 GC heap before
{Heap before GC invocations=9 (full 0):
 garbage-first heap   total 81920K, used 68096K [0x0000000081a00000, 0x0000000100000000)
  region size 1024K, 23 young (23552K), 4 survivors (4096K)
 Metaspace       used 27389K, committed 27712K, reserved 1114112K
  class space    used 3018K, committed 3136K, reserved 1048576K
}
Event: 52.094 GC heap after
{Heap after GC invocations=10 (full 0):
 garbage-first heap   total 81920K, used 54766K [0x0000000081a00000, 0x0000000100000000)
  region size 1024K, 3 young (3072K), 3 survivors (3072K)
 Metaspace       used 27389K, committed 27712K, reserved 1114112K
  class space    used 3018K, committed 3136K, reserved 1048576K
}
Event: 53.366 GC heap before
{Heap before GC invocations=11 (full 0):
 garbage-first heap   total 96256K, used 70126K [0x0000000081a00000, 0x0000000100000000)
  region size 1024K, 18 young (18432K), 3 survivors (3072K)
 Metaspace       used 27775K, committed 28096K, reserved 1114112K
  class space    used 3062K, committed 3200K, reserved 1048576K
}
Event: 53.380 GC heap after
{Heap after GC invocations=12 (full 0):
 garbage-first heap   total 96256K, used 59392K [0x0000000081a00000, 0x0000000100000000)
  region size 1024K, 3 young (3072K), 3 survivors (3072K)
 Metaspace       used 27775K, committed 28096K, reserved 1114112K
  class space    used 3062K, committed 3200K, reserved 1048576K
}
Event: 54.023 GC heap before
{Heap before GC invocations=12 (full 0):
 garbage-first heap   total 96256K, used 79872K [0x0000000081a00000, 0x0000000100000000)
  region size 1024K, 23 young (23552K), 3 survivors (3072K)
 Metaspace       used 28172K, committed 28480K, reserved 1114112K
  class space    used 3079K, committed 3200K, reserved 1048576K
}
Event: 54.039 GC heap after
{Heap after GC invocations=13 (full 0):
 garbage-first heap   total 96256K, used 62464K [0x0000000081a00000, 0x0000000100000000)
  region size 1024K, 3 young (3072K), 3 survivors (3072K)
 Metaspace       used 28172K, committed 28480K, reserved 1114112K
  class space    used 3079K, committed 3200K, reserved 1048576K
}

Dll operation events (12 events):
Event: 1.146 Loaded shared library C:\Program Files\Java\jdk-21\bin\java.dll
Event: 1.443 Loaded shared library C:\Program Files\Java\jdk-21\bin\jsvml.dll
Event: 1.885 Loaded shared library C:\Program Files\Java\jdk-21\bin\zip.dll
Event: 1.995 Loaded shared library C:\Program Files\Java\jdk-21\bin\instrument.dll
Event: 2.178 Loaded shared library C:\Program Files\Java\jdk-21\bin\net.dll
Event: 2.230 Loaded shared library C:\Program Files\Java\jdk-21\bin\nio.dll
Event: 2.261 Loaded shared library C:\Program Files\Java\jdk-21\bin\zip.dll
Event: 2.518 Loaded shared library C:\Program Files\JetBrains\IntelliJ IDEA 2024.3.2.2\bin\breakgen64.dll
Event: 3.412 Loaded shared library C:\Program Files\Java\jdk-21\bin\extnet.dll
Event: 4.467 Loaded shared library C:\Program Files\Java\jdk-21\bin\jimage.dll
Event: 4.646 Loaded shared library C:\Users\USER\AppData\Local\Temp\jansi-2.4.1-9068b3853e956bcf-jansi.dll
Event: 4.684 Loaded shared library C:\Program Files\Java\jdk-21\bin\verify.dll

Deoptimization events (20 events):
Event: 52.318 Thread 0x00000222ab952e90 Uncommon trap: trap_request=0xffffff45 fr.pc=0x00000222bdd6251c relative=0x000000000000077c
Event: 52.318 Thread 0x00000222ab952e90 Uncommon trap: reason=unstable_if action=reinterpret pc=0x00000222bdd6251c method=java.time.LocalDate.create(III)Ljava/time/LocalDate; @ 7 c2
Event: 52.318 Thread 0x00000222ab952e90 DEOPT PACKING pc=0x00000222bdd6251c sp=0x000000e5f1dfcc40
Event: 52.318 Thread 0x00000222ab952e90 DEOPT UNPACKING pc=0x00000222bd4546a2 sp=0x000000e5f1dfca98 mode 2
Event: 52.318 Thread 0x00000222ab952e90 Uncommon trap: trap_request=0xffffff45 fr.pc=0x00000222bdd463a8 relative=0x00000000000004a8
Event: 52.318 Thread 0x00000222ab952e90 Uncommon trap: reason=unstable_if action=reinterpret pc=0x00000222bdd463a8 method=java.time.LocalDate.create(III)Ljava/time/LocalDate; @ 3 c2
Event: 52.318 Thread 0x00000222ab952e90 DEOPT PACKING pc=0x00000222bdd463a8 sp=0x000000e5f1dfcbd0
Event: 52.318 Thread 0x00000222ab952e90 DEOPT UNPACKING pc=0x00000222bd4546a2 sp=0x000000e5f1dfca90 mode 2
Event: 52.856 Thread 0x00000222ab952e90 DEOPT PACKING pc=0x00000222b6b254e6 sp=0x000000e5f1dfcfb0
Event: 52.856 Thread 0x00000222ab952e90 DEOPT UNPACKING pc=0x00000222bd454e42 sp=0x000000e5f1dfc530 mode 0
Event: 52.986 Thread 0x00000222ab952e90 DEOPT PACKING pc=0x00000222b6b254e6 sp=0x000000e5f1dfcfc0
Event: 52.986 Thread 0x00000222ab952e90 DEOPT UNPACKING pc=0x00000222bd454e42 sp=0x000000e5f1dfc540 mode 0
Event: 53.013 Thread 0x00000222ab952e90 Uncommon trap: trap_request=0xffffff45 fr.pc=0x00000222bdd55768 relative=0x00000000000006c8
Event: 53.013 Thread 0x00000222ab952e90 Uncommon trap: reason=unstable_if action=reinterpret pc=0x00000222bdd55768 method=java.nio.file.FileTreeWalker.visit(Ljava/nio/file/Path;ZZ)Ljava/nio/file/FileTreeWalker$Event; @ 84 c2
Event: 53.013 Thread 0x00000222ab952e90 DEOPT PACKING pc=0x00000222bdd55768 sp=0x000000e5f1dfd370
Event: 53.013 Thread 0x00000222ab952e90 DEOPT UNPACKING pc=0x00000222bd4546a2 sp=0x000000e5f1dfd330 mode 2
Event: 53.519 Thread 0x00000222ab952e90 DEOPT PACKING pc=0x00000222b6ccba79 sp=0x000000e5f1dfbae0
Event: 53.519 Thread 0x00000222ab952e90 DEOPT UNPACKING pc=0x00000222bd454e42 sp=0x000000e5f1dfaf88 mode 0
Event: 53.824 Thread 0x00000222ab952e90 DEOPT PACKING pc=0x00000222b6b254e6 sp=0x000000e5f1dfb900
Event: 53.824 Thread 0x00000222ab952e90 DEOPT UNPACKING pc=0x00000222bd454e42 sp=0x000000e5f1dfae80 mode 0

Classes loaded (20 events):
Event: 52.555 Loading class java/util/ComparableTimSort
Event: 52.557 Loading class java/util/ComparableTimSort done
Event: 52.575 Loading class java/nio/file/Files$2
Event: 52.575 Loading class java/nio/file/Files$2 done
Event: 52.576 Loading class sun/nio/fs/WindowsPath$WindowsPathWithAttributes
Event: 52.579 Loading class sun/nio/fs/WindowsPath$WindowsPathWithAttributes done
Event: 53.012 Loading class java/nio/file/FileTreeWalker$1
Event: 53.013 Loading class java/nio/file/FileTreeWalker$1 done
Event: 53.093 Loading class jdk/internal/jrtfs/JrtDirectoryStream
Event: 53.095 Loading class jdk/internal/jrtfs/JrtDirectoryStream done
Event: 53.108 Loading class java/util/stream/StreamSpliterators$WrappingSpliterator
Event: 53.108 Loading class java/util/stream/StreamSpliterators$AbstractWrappingSpliterator
Event: 53.109 Loading class java/util/stream/StreamSpliterators$AbstractWrappingSpliterator done
Event: 53.109 Loading class java/util/stream/StreamSpliterators$WrappingSpliterator done
Event: 53.109 Loading class jdk/internal/jrtfs/JrtDirectoryStream$1
Event: 53.110 Loading class jdk/internal/jrtfs/JrtDirectoryStream$1 done
Event: 53.111 Loading class java/util/stream/StreamSpliterators
Event: 53.111 Loading class java/util/stream/StreamSpliterators done
Event: 53.111 Loading class java/util/function/BooleanSupplier
Event: 53.111 Loading class java/util/function/BooleanSupplier done

Classes unloaded (0 events):
No events

Classes redefined (0 events):
No events

Internal exceptions (20 events):
Event: 54.433 Thread 0x00000222ab952e90 Exception <a 'sun/nio/fs/WindowsException'{0x00000000864f5970}> (0x00000000864f5970) 
thrown [s\open\src\hotspot\share\prims\jni.cpp, line 520]
Event: 54.433 Thread 0x00000222ab952e90 Exception <a 'sun/nio/fs/WindowsException'{0x00000000864f99d8}> (0x00000000864f99d8) 
thrown [s\open\src\hotspot\share\prims\jni.cpp, line 520]
Event: 54.433 Thread 0x00000222ab952e90 Exception <a 'sun/nio/fs/WindowsException'{0x00000000863045c8}> (0x00000000863045c8) 
thrown [s\open\src\hotspot\share\prims\jni.cpp, line 520]
Event: 54.433 Thread 0x00000222ab952e90 Exception <a 'sun/nio/fs/WindowsException'{0x00000000863052a0}> (0x00000000863052a0) 
thrown [s\open\src\hotspot\share\prims\jni.cpp, line 520]
Event: 54.434 Thread 0x00000222ab952e90 Exception <a 'sun/nio/fs/WindowsException'{0x000000008630a790}> (0x000000008630a790) 
thrown [s\open\src\hotspot\share\prims\jni.cpp, line 520]
Event: 54.434 Thread 0x00000222ab952e90 Exception <a 'sun/nio/fs/WindowsException'{0x000000008630fe30}> (0x000000008630fe30) 
thrown [s\open\src\hotspot\share\prims\jni.cpp, line 520]
Event: 54.435 Thread 0x00000222ab952e90 Exception <a 'sun/nio/fs/WindowsException'{0x000000008631a078}> (0x000000008631a078) 
thrown [s\open\src\hotspot\share\prims\jni.cpp, line 520]
Event: 54.435 Thread 0x00000222ab952e90 Exception <a 'sun/nio/fs/WindowsException'{0x000000008631acc8}> (0x000000008631acc8) 
thrown [s\open\src\hotspot\share\prims\jni.cpp, line 520]
Event: 54.435 Thread 0x00000222ab952e90 Exception <a 'sun/nio/fs/WindowsException'{0x000000008631c330}> (0x000000008631c330) 
thrown [s\open\src\hotspot\share\prims\jni.cpp, line 520]
Event: 54.435 Thread 0x00000222ab952e90 Exception <a 'sun/nio/fs/WindowsException'{0x000000008632d8f0}> (0x000000008632d8f0) 
thrown [s\open\src\hotspot\share\prims\jni.cpp, line 520]
Event: 54.436 Thread 0x00000222ab952e90 Exception <a 'sun/nio/fs/WindowsException'{0x00000000863626c8}> (0x00000000863626c8) 
thrown [s\open\src\hotspot\share\prims\jni.cpp, line 520]
Event: 54.436 Thread 0x00000222ab952e90 Exception <a 'sun/nio/fs/WindowsException'{0x0000000086363348}> (0x0000000086363348) 
thrown [s\open\src\hotspot\share\prims\jni.cpp, line 520]
Event: 54.491 Thread 0x00000222ab952e90 Exception <a 'sun/nio/fs/WindowsException'{0x00000000863c3678}> (0x00000000863c3678) 
thrown [s\open\src\hotspot\share\prims\jni.cpp, line 520]
Event: 54.492 Thread 0x00000222ab952e90 Exception <a 'sun/nio/fs/WindowsException'{0x00000000863ce580}> (0x00000000863ce580) 
thrown [s\open\src\hotspot\share\prims\jni.cpp, line 520]
Event: 54.514 Thread 0x00000222ab952e90 Exception <a 'sun/nio/fs/WindowsException'{0x00000000863f1c98}> (0x00000000863f1c98) 
thrown [s\open\src\hotspot\share\prims\jni.cpp, line 520]
Event: 54.517 Thread 0x00000222ab952e90 Exception <a 'sun/nio/fs/WindowsException'{0x00000000863f28b8}> (0x00000000863f28b8) 
thrown [s\open\src\hotspot\share\prims\jni.cpp, line 520]
Event: 54.537 Thread 0x00000222ab952e90 Exception <a 'sun/nio/fs/WindowsException'{0x00000000863f90d0}> (0x00000000863f90d0) 
thrown [s\open\src\hotspot\share\prims\jni.cpp, line 520]
Event: 54.540 Thread 0x00000222ab952e90 Exception <a 'sun/nio/fs/WindowsException'{0x0000000086200620}> (0x0000000086200620) 
thrown [s\open\src\hotspot\share\prims\jni.cpp, line 520]
Event: 54.541 Thread 0x00000222ab952e90 Exception <a 'sun/nio/fs/WindowsException'{0x0000000086212ed0}> (0x0000000086212ed0) 
thrown [s\open\src\hotspot\share\prims\jni.cpp, line 520]
Event: 54.542 Thread 0x00000222ab952e90 Exception <a 'sun/nio/fs/WindowsException'{0x0000000086213b18}> (0x0000000086213b18) 
thrown [s\open\src\hotspot\share\prims\jni.cpp, line 520]

ZGC Phase Switch (0 events):
No events

VM Operations (20 events):
Event: 51.760 Executing VM operation: Cleanup
Event: 51.760 Executing VM operation: Cleanup done
Event: 52.080 Executing VM operation: G1CollectForAllocation (G1 Evacuation Pause)
Event: 52.094 Executing VM operation: G1CollectForAllocation (G1 Evacuation Pause) done
Event: 52.201 Executing VM operation: G1PauseRemark
Event: 52.215 Executing VM operation: G1PauseRemark done
Event: 52.248 Executing VM operation: G1PauseCleanup
Event: 52.248 Executing VM operation: G1PauseCleanup done
Event: 52.580 Executing VM operation: HandshakeAllThreads (Deoptimize)
Event: 52.580 Executing VM operation: HandshakeAllThreads (Deoptimize) done
Event: 53.012 Executing VM operation: HandshakeAllThreads (Deoptimize)
Event: 53.012 Executing VM operation: HandshakeAllThreads (Deoptimize) done
Event: 53.366 Executing VM operation: G1CollectForAllocation (G1 Evacuation Pause)
Event: 53.380 Executing VM operation: G1CollectForAllocation (G1 Evacuation Pause) done
Event: 53.436 Executing VM operation: HandshakeAllThreads (Deoptimize)
Event: 53.436 Executing VM operation: HandshakeAllThreads (Deoptimize) done
Event: 53.831 Executing VM operation: ICBufferFull
Event: 53.832 Executing VM operation: ICBufferFull done
Event: 54.022 Executing VM operation: G1CollectForAllocation (G1 Evacuation Pause)
Event: 54.039 Executing VM operation: G1CollectForAllocation (G1 Evacuation Pause) done

Events (20 events):
Event: 52.214 Thread 0x00000222c9b10a00 flushing nmethod 0x00000222b69aa890
Event: 52.214 Thread 0x00000222c9b10a00 flushing nmethod 0x00000222b69b8290
Event: 52.214 Thread 0x00000222c9b10a00 flushing nmethod 0x00000222b69eaf10
Event: 52.214 Thread 0x00000222c9b10a00 flushing nmethod 0x00000222b69eb410
Event: 52.214 Thread 0x00000222c9b10a00 flushing nmethod 0x00000222b69ed690
Event: 52.214 Thread 0x00000222c9b10a00 flushing nmethod 0x00000222b69eec90
Event: 52.214 Thread 0x00000222c9b10a00 flushing nmethod 0x00000222b69ef390
Event: 52.214 Thread 0x00000222c9b10a00 flushing nmethod 0x00000222b6a64410
Event: 52.214 Thread 0x00000222c9b10a00 flushing nmethod 0x00000222b6a66190
Event: 52.214 Thread 0x00000222c9b10a00 flushing nmethod 0x00000222b6a69810
Event: 52.214 Thread 0x00000222c9b10a00 flushing nmethod 0x00000222b6a8d290
Event: 52.214 Thread 0x00000222c9b10a00 flushing nmethod 0x00000222b6a8d990
Event: 52.214 Thread 0x00000222c9b10a00 flushing nmethod 0x00000222b6a8ef90
Event: 52.214 Thread 0x00000222c9b10a00 flushing nmethod 0x00000222b6a90f10
Event: 52.214 Thread 0x00000222c9b10a00 flushing nmethod 0x00000222b6a91e90
Event: 52.214 Thread 0x00000222c9b10a00 flushing nmethod 0x00000222b6ab4c10
Event: 52.214 Thread 0x00000222c9b10a00 flushing nmethod 0x00000222b6abbc10
Event: 52.214 Thread 0x00000222c9b10a00 flushing nmethod 0x00000222b6abde90
Event: 52.214 Thread 0x00000222c9b10a00 flushing nmethod 0x00000222b6abfc10
Event: 53.215 Thread 0x0000022310cb7800 Thread added: 0x0000022310cb7800


Dynamic libraries:
0x00007ff72f5c0000 - 0x00007ff72f5d0000 	C:\Program Files\Java\jdk-21\bin\java.exe
0x00007ff8d5b50000 - 0x00007ff8d5d48000 	C:\WINDOWS\SYSTEM32\ntdll.dll
0x00007ff8d50c0000 - 0x00007ff8d5182000 	C:\WINDOWS\System32\KERNEL32.DLL
0x00007ff8d3300000 - 0x00007ff8d35f6000 	C:\WINDOWS\System32\KERNELBASE.dll
0x00007ff8d3790000 - 0x00007ff8d3890000 	C:\WINDOWS\System32\ucrtbase.dll
0x00007ff8c3620000 - 0x00007ff8c363b000 	C:\Program Files\Java\jdk-21\bin\VCRUNTIME140.dll
0x00007ff8cf290000 - 0x00007ff8cf2a9000 	C:\Program Files\Java\jdk-21\bin\jli.dll
0x00007ff8d5780000 - 0x00007ff8d5831000 	C:\WINDOWS\System32\ADVAPI32.dll
0x00007ff8d4710000 - 0x00007ff8d47ae000 	C:\WINDOWS\System32\msvcrt.dll
0x00007ff8d53a0000 - 0x00007ff8d543f000 	C:\WINDOWS\System32\sechost.dll
0x00007ff8d5440000 - 0x00007ff8d5560000 	C:\WINDOWS\System32\RPCRT4.dll
0x00007ff8d3760000 - 0x00007ff8d3787000 	C:\WINDOWS\System32\bcrypt.dll
0x00007ff8d51f0000 - 0x00007ff8d5391000 	C:\WINDOWS\System32\USER32.dll
0x00007ff8d39e0000 - 0x00007ff8d3a02000 	C:\WINDOWS\System32\win32u.dll
0x00007ff8d5900000 - 0x00007ff8d592b000 	C:\WINDOWS\System32\GDI32.dll
0x00007ff8be230000 - 0x00007ff8be4cb000 	C:\WINDOWS\WinSxS\amd64_microsoft.windows.common-controls_6595b64144ccf1df_6.0.19041.6456_none_60b8a6cb71f64256\COMCTL32.dll
0x00007ff8d31e0000 - 0x00007ff8d32f9000 	C:\WINDOWS\System32\gdi32full.dll
0x00007ff8d3890000 - 0x00007ff8d392d000 	C:\WINDOWS\System32\msvcp_win.dll
0x00007ff8d17d0000 - 0x00007ff8d17da000 	C:\WINDOWS\SYSTEM32\VERSION.dll
0x00007ff8d4610000 - 0x00007ff8d463f000 	C:\WINDOWS\System32\IMM32.DLL
0x00007ff8cf6b0000 - 0x00007ff8cf6bc000 	C:\Program Files\Java\jdk-21\bin\vcruntime140_1.dll
0x00007ff8bcd80000 - 0x00007ff8bce0e000 	C:\Program Files\Java\jdk-21\bin\msvcp140.dll
0x00007ff897850000 - 0x00007ff89856d000 	C:\Program Files\Java\jdk-21\bin\server\jvm.dll
0x00007ff8d5990000 - 0x00007ff8d59fb000 	C:\WINDOWS\System32\WS2_32.dll
0x00007ff8d3040000 - 0x00007ff8d308b000 	C:\WINDOWS\SYSTEM32\POWRPROF.dll
0x00007ff8b9f20000 - 0x00007ff8b9f47000 	C:\WINDOWS\SYSTEM32\WINMM.dll
0x00007ff8d3020000 - 0x00007ff8d3032000 	C:\WINDOWS\SYSTEM32\UMPDC.dll
0x00007ff8d19b0000 - 0x00007ff8d19c2000 	C:\WINDOWS\SYSTEM32\kernel.appcore.dll
0x00007ff8cf2d0000 - 0x00007ff8cf2da000 	C:\Program Files\Java\jdk-21\bin\jimage.dll
0x00007ff8c71a0000 - 0x00007ff8c73a1000 	C:\WINDOWS\SYSTEM32\DBGHELP.DLL
0x00007ff8a6dd0000 - 0x00007ff8a6e04000 	C:\WINDOWS\SYSTEM32\dbgcore.DLL
0x00007ff8d3a90000 - 0x00007ff8d3b12000 	C:\WINDOWS\System32\bcryptPrimitives.dll
0x00007ff8cf260000 - 0x00007ff8cf26f000 	C:\Program Files\Java\jdk-21\bin\instrument.dll
0x00007ff8be520000 - 0x00007ff8be53f000 	C:\Program Files\Java\jdk-21\bin\java.dll
0x00007ff8d3dc0000 - 0x00007ff8d4530000 	C:\WINDOWS\System32\SHELL32.dll
0x00007ff8d0f20000 - 0x00007ff8d16c5000 	C:\WINDOWS\SYSTEM32\windows.storage.dll
0x00007ff8d48e0000 - 0x00007ff8d4c34000 	C:\WINDOWS\System32\combase.dll
0x00007ff8d2a50000 - 0x00007ff8d2a7b000 	C:\WINDOWS\SYSTEM32\Wldp.dll
0x00007ff8d3b70000 - 0x00007ff8d3c3d000 	C:\WINDOWS\System32\OLEAUT32.dll
0x00007ff8d5850000 - 0x00007ff8d58fd000 	C:\WINDOWS\System32\SHCORE.dll
0x00007ff8d3c40000 - 0x00007ff8d3c9b000 	C:\WINDOWS\System32\shlwapi.dll
0x00007ff8d3110000 - 0x00007ff8d3134000 	C:\WINDOWS\SYSTEM32\profapi.dll
0x00007ff8a6160000 - 0x00007ff8a6237000 	C:\Program Files\Java\jdk-21\bin\jsvml.dll
0x00007ff8bd400000 - 0x00007ff8bd418000 	C:\Program Files\Java\jdk-21\bin\zip.dll
0x00007ff8c2e60000 - 0x00007ff8c2e70000 	C:\Program Files\Java\jdk-21\bin\net.dll
0x00007ff8d17e0000 - 0x00007ff8d18ea000 	C:\WINDOWS\SYSTEM32\WINHTTP.dll
0x00007ff8d2830000 - 0x00007ff8d289a000 	C:\WINDOWS\system32\mswsock.dll
0x00007ff8bcd50000 - 0x00007ff8bcd66000 	C:\Program Files\Java\jdk-21\bin\nio.dll
0x00007ff8b5750000 - 0x00007ff8b576a000 	C:\Program Files\JetBrains\IntelliJ IDEA 2024.3.2.2\bin\breakgen64.dll
0x00007ff8bbf30000 - 0x00007ff8bbf39000 	C:\Program Files\Java\jdk-21\bin\extnet.dll
0x00007ff8a6870000 - 0x00007ff8a6894000 	C:\Users\USER\AppData\Local\Temp\jansi-2.4.1-9068b3853e956bcf-jansi.dll
0x00007ff8bac20000 - 0x00007ff8bac30000 	C:\Program Files\Java\jdk-21\bin\verify.dll
0x00007ff8d23c0000 - 0x00007ff8d23f3000 	C:\WINDOWS\SYSTEM32\ntmarta.dll

dbghelp: loaded successfully - version: 4.0.5 - missing functions: none
symbol engine: initialized successfully - sym options: 0x614 - pdb path: .;C:\Program Files\Java\jdk-21\bin;C:\WINDOWS\SYSTEM32;C:\WINDOWS\WinSxS\amd64_microsoft.windows.common-controls_6595b64144ccf1df_6.0.19041.6456_none_60b8a6cb71f64256;C:\Program Files\Java\jdk-21\bin\server;C:\Program Files\JetBrains\IntelliJ IDEA 2024.3.2.2\bin;C:\Users\USER\AppData\Local\Temp

VM Arguments:
jvm_args: -Dmaven.multiModuleProjectDirectory=C:\Users\USER\Desktop\SCM\scm-back -Djansi.passthrough=true -Dmaven.home=C:\Users\USER\.m2\wrapper\dists\apache-maven-3.9.9-bin\4nf9hui3q3djbarqar9g711ggc\apache-maven-3.9.9 -Dclassworlds.conf=C:\Users\USER\.m2\wrapper\dists\apache-maven-3.9.9-bin\4nf9hui3q3djbarqar9g711ggc\apache-maven-3.9.9\bin\m2.conf -Dmaven.ext.class.path=C:\Program Files\JetBrains\IntelliJ IDEA 2024.3.2.2\plugins\maven\lib\maven-event-listener.jar -javaagent:C:\Program Files\JetBrains\IntelliJ IDEA 2024.3.2.2\lib\idea_rt.jar=64462:C:\Program Files\JetBrains\IntelliJ IDEA 2024.3.2.2\bin -Dfile.encoding=UTF-8 -Dsun.stdout.encoding=UTF-8 -Dsun.stderr.encoding=UTF-8 
java_command: org.codehaus.classworlds.Launcher -Didea.version=2024.3.2.2 package
java_class_path (initial): C:\Users\USER\.m2\wrapper\dists\apache-maven-3.9.9-bin\4nf9hui3q3djbarqar9g711ggc\apache-maven-3.9.9\boot\plexus-classworlds-2.8.0.jar;C:\Users\USER\.m2\wrapper\dists\apache-maven-3.9.9-bin\4nf9hui3q3djbarqar9g711ggc\apache-maven-3.9.9\boot\plexus-classworlds.license
Launcher Type: SUN_STANDARD

[Global flags]
     intx CICompilerCount                          = 3                                         {product} {ergonomic}
     uint ConcGCThreads                            = 1                                         {product} {ergonomic}
     uint G1ConcRefinementThreads                  = 4                                         {product} {ergonomic}
   size_t G1HeapRegionSize                         = 1048576                                   {product} {ergonomic}
    uintx GCDrainStackTargetSize                   = 64                                        {product} {ergonomic}
   size_t InitialHeapSize                          = 134217728                                 {product} {ergonomic}
   size_t MarkStackSize                            = 4194304                                   {product} {ergonomic}
   size_t MaxHeapSize                              = 2120220672                                {product} {ergonomic}
   size_t MaxNewSize                               = 1271922688                                {product} {ergonomic}
   size_t MinHeapDeltaBytes                        = 1048576                                   {product} {ergonomic}
   size_t MinHeapSize                              = 8388608                                   {product} {ergonomic}
    uintx NonNMethodCodeHeapSize                   = 5832780                                {pd product} {ergonomic}
    uintx NonProfiledCodeHeapSize                  = 122912730                              {pd product} {ergonomic}
    uintx ProfiledCodeHeapSize                     = 122912730                              {pd product} {ergonomic}
    uintx ReservedCodeCacheSize                    = 251658240                              {pd product} {ergonomic}
     bool SegmentedCodeCache                       = true                                      {product} {ergonomic}
   size_t SoftMaxHeapSize                          = 2120220672                             {manageable} {ergonomic}
     bool UseCompressedOops                        = true                           {product lp64_product} {ergonomic}
     bool UseG1GC                                  = true                                      {product} {ergonomic}
     bool UseLargePagesIndividualAllocation        = false                                  {pd product} {ergonomic}

Logging:
Log output configuration:
 #0: stdout all=warning uptime,level,tags foldmultilines=false
 #1: stderr all=off uptime,level,tags foldmultilines=false

Environment Variables:
JAVA_HOME=C:\Program Files\Java\jdk-21
PATH=C:\Users\USER\Desktop\oracle19\bin;C:\oraclexe\app\oracle\product\11.2.0\server\bin;C:\Program Files\Common Files\Oracle\Java\javapath;C:\WINDOWS\system32;C:\WINDOWS;C:\WINDOWS\System32\Wbem;C:\WINDOWS\System32\WindowsPowerShell\v1.0\;C:\WINDOWS\System32\OpenSSH\;C:\winflex;C:\Program Files\CodeBlocks\MinGW\bin;C:\Program Files\Java\jdk-21;C:\Program Files\Java\jdk-17;C:\xampp\php;C:\ProgramData\ComposerSetup\bin;C:\Program Files\Java\jdk-19\bin;%M2_HOME;C:\Program Files\apache-maven-3.9.6-bin (1)\apache-maven-3.9.6;C:\Users\USER\Desktop\apache-maven-3.9.12-bin\apache-maven-3.9.12\bin;C:\Program Files\Git\cmd;C:\Program Files\Docker\Docker\resources\bin;C:\Program Files\Kubernetes\Minikube;C:\Users\USER\Downloads\web3j-4.0.1\web3j-4.0.1\bin;C:\Program Files\PuTTY\;C:\Program Files\nodejs\;C:\Program Files\Go\bin;C:\Users\USER\AppData\Local\Programs\Python\Python312\Scripts\;C:\Users\USER\AppData\Local\Programs\Python\Python312\;C:\Users\USER\AppData\Local\Microsoft\WindowsApps;;%IntelliJ IDEA Community Edition%;C:\Program Files\JetBrains\IntelliJ IDEA 2024.3.2.2\bin;;C:\Users\USER\AppData\Roaming\Composer\vendor\bin;C:\Program Files\JetBrains\PyCharm 2024.1.1\bin;;C:\Users\USER\AppData\Local\Microsoft\WinGet\Packages\Schniz.fnm_Microsoft.Winget.Source_8wekyb3d8bbwe;;C:\Users\USER\.web3j\web3j-cli-shadow-1.6.3\bin;C:\Program Files\JetBrains\DataGrip 2025.2.2\bin;C:\Users\USER\AppData\Roaming\npm;C:\Users\USER\go\bin;C:\Program Files\JetBrains\GoLand 2025.3.1.1\bin
USERNAME=USER
OS=Windows_NT
PROCESSOR_IDENTIFIER=Intel64 Family 6 Model 78 Stepping 3, GenuineIntel
TMP=C:\Users\USER\AppData\Local\Temp
TEMP=C:\Users\USER\AppData\Local\Temp




Periodic native trim disabled

---------------  S Y S T E M  ---------------

OS:
 Windows 10 , 64 bit Build 19041 (10.0.19041.5915)
OS uptime: 4 days 4:55 hours
Hyper-V role detected

CPU: total 4 (initial active 4) (2 cores per cpu, 2 threads per core) family 6 model 78 stepping 3 microcode 0xf0, cx8, cmov, fxsr, ht, mmx, 3dnowpref, sse, sse2, sse3, ssse3, sse4.1, sse4.2, popcnt, lzcnt, tsc, tscinvbit, avx, avx2, aes, erms, clmul, bmi1, bmi2, rtm, adx, fma, vzeroupper, clflush, clflushopt, hv, rdtscp, f16c
Processor Information for processor 0
  Max Mhz: 2501, Current Mhz: 2501, Mhz Limit: 2501
Processor Information for processor 1
  Max Mhz: 2501, Current Mhz: 2501, Mhz Limit: 2501
Processor Information for processor 2
  Max Mhz: 2501, Current Mhz: 2501, Mhz Limit: 2501
Processor Information for processor 3
  Max Mhz: 2501, Current Mhz: 1500, Mhz Limit: 2501

Memory: 4k page, system-wide physical 8083M (338M free)
TotalPageFile size 26631M (AvailPageFile size 5M)
current process WorkingSet (physical memory assigned to process): 224M, peak: 228M
current process commit charge ("private bytes"): 263M, peak: 267M

vm_info: Java HotSpot(TM) 64-Bit Server VM (21.0.8+12-LTS-250) for windows-amd64 JRE (21.0.8+12-LTS-250), built on 2025-06-27T08:11:22Z by "mach5one" with MS VC++ 17.6 (VS2022)

END.
