#
# There is insufficient memory for the Java Runtime Environment to continue.
# Native memory allocation (mmap) failed to map 133169152 bytes for G1 virtual space
# Possible reasons:
#   The system is out of physical RAM or swap space
#   The process is running with CompressedOops enabled, and the Java Heap may be blocking the growth of the native heap
# Possible solutions:
#   Reduce memory load on the system
#   Increase physical memory or swap space
#   Check if swap backing store is full
#   Decrease Java heap size (-Xmx/-Xms)
#   Decrease number of Java threads
#   Decrease Java thread stack sizes (-Xss)
#   Set larger code cache with -XX:ReservedCodeCacheSize=
#   JVM is running with Unscaled Compressed Oops mode in which the Java heap is
#     placed in the first 4GB address space. The Java Heap base address is the
#     maximum limit for the native heap growth. Please use -XX:HeapBaseMinAddress
#     to set the Java Heap base and to place the Java Heap above 4GB virtual address.
# This output file may be truncated or incomplete.
#
#  Out of Memory Error (os_windows.cpp:3603), pid=18976, tid=12644
#
# JRE version: Java(TM) SE Runtime Environment (21.0.8+12) (build 21.0.8+12-LTS-250)
# Java VM: Java HotSpot(TM) 64-Bit Server VM (21.0.8+12-LTS-250, mixed mode, emulated-client, sharing, tiered, compressed oops, compressed class ptrs, g1 gc, windows-amd64)
# No core dump will be written. Minidumps are not enabled by default on client versions of Windows
#

---------------  S U M M A R Y ------------

Command Line: -agentlib:jdwp=transport=dt_socket,address=127.0.0.1:49259,suspend=y,server=n -javaagent:C:\Users\USER\AppData\Local\JetBrains\IntelliJIdea2026.1\captureAgent\debugger-agent.jar=file:///C:/Users/USER/AppData/Local/Temp/capture17556606720563680357.props -agentpath:C:\Users\USER\AppData\Local\Temp\idea_libasyncProfiler_dll_temp_folder2\libasyncProfiler.dll=version,jfr,event=wall,interval=10ms,cstack=no,file=C:\Users\USER\IdeaSnapshots\BackendApplication_2026_08_23_110611.jfr,dbghelppath=C:\Users\USER\AppData\Local\Temp\idea_dbghelp_dll_temp_folder2\dbghelp.dll,log=C:\Users\USER\AppData\Local\Temp\BackendApplication_2026_08_23_110611.jfr.log.txt,logLevel=DEBUG -XX:TieredStopAtLevel=1 -Dspring.output.ansi.enabled=always -Dcom.sun.management.jmxremote -Dspring.jmx.enabled=true -Dspring.liveBeansView.mbeanDomain -Dspring.application.admin.enabled=true -Dmanagement.endpoints.jmx.exposure.include=* -Dkotlinx.coroutines.debug.enable.creation.stack.trace=false -Ddebugger.agent.enable.coroutines=true -Dkotlinx.coroutines.debug.enable.flows.stack.trace=true -Dkotlinx.coroutines.debug.enable.mutable.state.flows.stack.trace=true -Ddebugger.async.stack.trace.for.all.threads=true -Dfile.encoding=UTF-8 -Dsun.stdout.encoding=UTF-8 -Dsun.stderr.encoding=UTF-8 com.simple_cabinet_medical.Backend.BackendApplication

Host: Intel(R) Core(TM) i5-6300U CPU @ 2.40GHz, 4 cores, 7G,  Windows 10 , 64 bit Build 19041 (10.0.19041.5915)
Time: Sun Aug 23 11:06:48 2026 Afr. centrale Ouest elapsed time: 36.404547 seconds (0d 0h 0m 36s)

---------------  T H R E A D  ---------------

Current thread (0x000001e1d793a320):  VMThread "VM Thread"          [id=12644, stack(0x0000003b19100000,0x0000003b19200000) (1024K)]

Stack: [0x0000003b19100000,0x0000003b19200000]
Native frames: (J=compiled Java code, j=interpreted, Vv=VM code, C=native code)
V  [jvm.dll+0x6cc179]
V  [jvm.dll+0x8584c1]
V  [jvm.dll+0x85a9ee]
V  [jvm.dll+0x85b0c3]
V  [jvm.dll+0x27ebf6]
V  [jvm.dll+0x6c88f5]
V  [jvm.dll+0x6bd45a]
V  [jvm.dll+0x354b1a]
V  [jvm.dll+0x35c796]
V  [jvm.dll+0x3af85e]
V  [jvm.dll+0x3afb08]
V  [jvm.dll+0x328e2c]
V  [jvm.dll+0x328eb7]
V  [jvm.dll+0x36d7dc]
V  [jvm.dll+0x36c02e]
V  [jvm.dll+0x3285f1]
V  [jvm.dll+0x36b74a]
V  [jvm.dll+0x860e90]
V  [jvm.dll+0x862214]
V  [jvm.dll+0x862750]
V  [jvm.dll+0x8629f3]
V  [jvm.dll+0x80279b]
V  [jvm.dll+0x6ca85d]
C  [ucrtbase.dll+0x21bb2]
C  [KERNEL32.DLL+0x17374]
C  [ntdll.dll+0x4cc91]

VM_Operation (0x0000003b1a9fcdc0): G1CollectForAllocation, mode: safepoint, requested by thread 0x000001e1e513e0f0


---------------  P R O C E S S  ---------------

Threads class SMR info:
_java_thread_list=0x000001e1ec674c80, length=27, elements={
0x000001e1d77caed0, 0x000001e1d795cab0, 0x000001e1d795dbe0, 0x000001e1dfb1e780,
0x000001e1dfb22350, 0x000001e1dfb22fc0, 0x000001e1dfb247a0, 0x000001e1dfb2b690,
0x000001e1dfc80100, 0x000001e1dfce5040, 0x000001e1dfce92e0, 0x000001e1dfce9960,
0x000001e1e43e7720, 0x000001e1e4586710, 0x000001e1e48d53b0, 0x000001e1dfe00a60,
0x000001e1e4c09a40, 0x000001e1e4e0f450, 0x000001e1e505c900, 0x000001e1e513cd40,
0x000001e1e513e780, 0x000001e1e513e0f0, 0x000001e1e8449630, 0x000001e1e8447560,
0x000001e1eb858810, 0x000001e1eb8560b0, 0x000001e1eb859530
}

Java Threads: ( => current thread )
  0x000001e1d77caed0 JavaThread "main"                              [_thread_blocked, id=8784, stack(0x0000003b18a00000,0x0000003b18b00000) (1024K)]
  0x000001e1d795cab0 JavaThread "Reference Handler"          daemon [_thread_blocked, id=19528, stack(0x0000003b19200000,0x0000003b19300000) (1024K)]
  0x000001e1d795dbe0 JavaThread "Finalizer"                  daemon [_thread_blocked, id=14972, stack(0x0000003b19300000,0x0000003b19400000) (1024K)]
  0x000001e1dfb1e780 JavaThread "Signal Dispatcher"          daemon [_thread_blocked, id=17544, stack(0x0000003b19400000,0x0000003b19500000) (1024K)]
  0x000001e1dfb22350 JavaThread "Attach Listener"            daemon [_thread_blocked, id=14684, stack(0x0000003b19500000,0x0000003b19600000) (1024K)]
  0x000001e1dfb22fc0 JavaThread "Service Thread"             daemon [_thread_blocked, id=6344, stack(0x0000003b19600000,0x0000003b19700000) (1024K)]
  0x000001e1dfb247a0 JavaThread "Monitor Deflation Thread"   daemon [_thread_blocked, id=13196, stack(0x0000003b19700000,0x0000003b19800000) (1024K)]
  0x000001e1dfb2b690 JavaThread "C1 CompilerThread0"         daemon [_thread_blocked, id=10020, stack(0x0000003b19800000,0x0000003b19900000) (1024K)]
  0x000001e1dfc80100 JavaThread "Common-Cleaner"             daemon [_thread_blocked, id=20104, stack(0x0000003b19900000,0x0000003b19a00000) (1024K)]
  0x000001e1dfce5040 JavaThread "JDWP Transport Listener: dt_socket" daemon [_thread_blocked, id=5184, stack(0x0000003b19c00000,0x0000003b19d00000) (1024K)]
  0x000001e1dfce92e0 JavaThread "JDWP Event Helper Thread"   daemon [_thread_blocked, id=10596, stack(0x0000003b19d00000,0x0000003b19e00000) (1024K)]
  0x000001e1dfce9960 JavaThread "JDWP Command Reader"        daemon [_thread_in_native, id=15144, stack(0x0000003b19e00000,0x0000003b19f00000) (1024K)]
  0x000001e1e43e7720 JavaThread "IntelliJ Suspend Helper"    daemon [_thread_blocked, id=19736, stack(0x0000003b19a00000,0x0000003b19b00000) (1024K)]
  0x000001e1e4586710 JavaThread "Notification Thread"        daemon [_thread_blocked, id=20172, stack(0x0000003b1a000000,0x0000003b1a100000) (1024K)]
  0x000001e1e48d53b0 JavaThread "CoarseTimer"                daemon [_thread_blocked, id=3268, stack(0x0000003b1a400000,0x0000003b1a500000) (1024K)]
  0x000001e1dfe00a60 JavaThread "C1 CompilerThread1"         daemon [_thread_blocked, id=9396, stack(0x0000003b19b00000,0x0000003b19c00000) (1024K)]
  0x000001e1e4c09a40 JavaThread "C1 CompilerThread2"         daemon [_thread_blocked, id=2768, stack(0x0000003b19f00000,0x0000003b1a000000) (1024K)]
  0x000001e1e4e0f450 JavaThread "RMI TCP Accept-0"           daemon [_thread_in_native, id=9468, stack(0x0000003b1a500000,0x0000003b1a600000) (1024K)]
  0x000001e1e505c900 JavaThread "RMI TCP Connection(1)-172.20.128.1" daemon [_thread_blocked, id=19224, stack(0x0000003b1a600000,0x0000003b1a700000) (1024K)]
  0x000001e1e513cd40 JavaThread "RMI Scheduler(0)"           daemon [_thread_blocked, id=17836, stack(0x0000003b1a700000,0x0000003b1a800000) (1024K)]
  0x000001e1e513e780 JavaThread "Thread-0"                          [_thread_blocked, id=14260, stack(0x0000003b1a800000,0x0000003b1a900000) (1024K)]
  0x000001e1e513e0f0 JavaThread "restartedMain"                     [_thread_blocked, id=4536, stack(0x0000003b1a900000,0x0000003b1aa00000) (1024K)]
  0x000001e1e8449630 JavaThread "PostgreSQL-JDBC-Cleaner"    daemon [_thread_blocked, id=4412, stack(0x0000003b1ab00000,0x0000003b1ac00000) (1024K)]
  0x000001e1e8447560 JavaThread "HikariPool-1 housekeeper"   daemon [_thread_blocked, id=17624, stack(0x0000003b1ac00000,0x0000003b1ad00000) (1024K)]
  0x000001e1eb858810 JavaThread "Catalina-utility-1"                [_thread_blocked, id=11592, stack(0x0000003b18800000,0x0000003b18900000) (1024K)]
  0x000001e1eb8560b0 JavaThread "Catalina-utility-2"                [_thread_blocked, id=512, stack(0x0000003b1ad00000,0x0000003b1ae00000) (1024K)]
  0x000001e1eb859530 JavaThread "container-0"                       [_thread_blocked, id=18052, stack(0x0000003b1ae00000,0x0000003b1af00000) (1024K)]
Total: 27

Other Threads:
=>0x000001e1d793a320 VMThread "VM Thread"                           [id=12644, stack(0x0000003b19100000,0x0000003b19200000) (1024K)]
  0x000001e1d792bc10 WatcherThread "VM Periodic Task Thread"        [id=4728, stack(0x0000003b19000000,0x0000003b19100000) (1024K)]
  0x000001e1d7826ed0 WorkerThread "GC Thread#0"                     [id=1956, stack(0x0000003b18b00000,0x0000003b18c00000) (1024K)]
  0x000001e1e45a3810 WorkerThread "GC Thread#1"                     [id=12464, stack(0x0000003b1a100000,0x0000003b1a200000) (1024K)]
  0x000001e1e45a3bb0 WorkerThread "GC Thread#2"                     [id=10896, stack(0x0000003b1a200000,0x0000003b1a300000) (1024K)]
  0x000001e1e46c85f0 WorkerThread "GC Thread#3"                     [id=20432, stack(0x0000003b1a300000,0x0000003b1a400000) (1024K)]
  0x000001e1d7837a80 ConcurrentGCThread "G1 Main Marker"            [id=6260, stack(0x0000003b18c00000,0x0000003b18d00000) (1024K)]
  0x000001e1d7838490 WorkerThread "G1 Conc#0"                       [id=3492, stack(0x0000003b18d00000,0x0000003b18e00000) (1024K)]
  0x000001e1d78c1fa0 ConcurrentGCThread "G1 Refine#0"               [id=18524, stack(0x0000003b18e00000,0x0000003b18f00000) (1024K)]
  0x000001e1d78c2a20 ConcurrentGCThread "G1 Service"                [id=940, stack(0x0000003b18f00000,0x0000003b19000000) (1024K)]
Total: 10

Threads with active compile tasks:
C1 CompilerThread1    36463 10723       1       org.springframework.beans.factory.config.ConstructorArgumentValues::getIndexedArgumentValue (97 bytes)
Total: 1

VM state: at safepoint (normal execution)

VM Mutex/Monitor currently owned by a thread:  ([mutex/lock_event])
[0x00007ff9fce30e50] Threads_lock - owner thread: 0x000001e1d793a320
[0x00007ff9fce30f50] Heap_lock - owner thread: 0x000001e1e513e0f0

Heap address: 0x0000000081a00000, size: 2022 MB, Compressed Oops mode: 32-bit

CDS archive(s) mapped at: [0x000001e180000000-0x000001e180c90000-0x000001e180c90000), size 13172736, SharedBaseAddress: 0x000001e180000000, ArchiveRelocationMode: 1.
Compressed class space mapped at: 0x000001e181000000-0x000001e1c1000000, reserved size: 1073741824
Narrow klass base: 0x000001e180000000, Narrow klass shift: 0, Narrow klass range: 0x100000000

GC Precious Log:
 CardTable entry size: 512
 Card Set container configuration: InlinePtr #cards 5 size 8 Array Of Cards #cards 12 size 40 Howl #buckets 4 coarsen threshold 1843 Howl Bitmap #cards 512 size 80 coarsen threshold 460 Card regions per heap region 1 cards per card region 2048
 CPUs: 4 total, 4 available
 Memory: 8083M
 Large Page Support: Disabled
 NUMA Support: Disabled
 Compressed Oops: Enabled (32-bit)
 Heap Region Size: 1M
 Heap Min Capacity: 8M
 Heap Initial Capacity: 128M
 Heap Max Capacity: 2022M
 Pre-touch: Disabled
 Parallel Workers: 4
 Concurrent Workers: 1
 Concurrent Refinement Workers: 4
 Periodic GC: Disabled

Heap:
 garbage-first heap   total 165888K, used 71483K [0x0000000081a00000, 0x0000000100000000)
  region size 1024K, 8 young (8192K), 8 survivors (8192K)
 Metaspace       used 87422K, committed 88384K, reserved 1179648K
  class space    used 12129K, committed 12544K, reserved 1048576K

Heap Regions: E=young(eden), S=young(survivor), O=old, HS=humongous(starts), HC=humongous(continues), CS=collection set, F=free, TAMS=top-at-mark-start, PB=parsable bottom
|   0|0x0000000081a00000, 0x0000000081b00000, 0x0000000081b00000|100%|HS|  |TAMS 0x0000000081a00000| PB 0x0000000081a00000| Complete 
|   1|0x0000000081b00000, 0x0000000081c00000, 0x0000000081c00000|100%|HS|  |TAMS 0x0000000081b00000| PB 0x0000000081b00000| Complete 
|   2|0x0000000081c00000, 0x0000000081d00000, 0x0000000081d00000|100%| O|  |TAMS 0x0000000081c00000| PB 0x0000000081c00000| Untracked 
|   3|0x0000000081d00000, 0x0000000081e00000, 0x0000000081e00000|100%| O|  |TAMS 0x0000000081d00000| PB 0x0000000081d00000| Untracked 
|   4|0x0000000081e00000, 0x0000000081f00000, 0x0000000081f00000|100%| O|  |TAMS 0x0000000081e00000| PB 0x0000000081e00000| Untracked 
|   5|0x0000000081f00000, 0x0000000082000000, 0x0000000082000000|100%| O|  |TAMS 0x0000000081f00000| PB 0x0000000081f00000| Untracked 
|   6|0x0000000082000000, 0x0000000082100000, 0x0000000082100000|100%| O|  |TAMS 0x0000000082000000| PB 0x0000000082000000| Untracked 
|   7|0x0000000082100000, 0x0000000082200000, 0x0000000082200000|100%| O|  |TAMS 0x0000000082100000| PB 0x0000000082100000| Untracked 
|   8|0x0000000082200000, 0x0000000082300000, 0x0000000082300000|100%| O|  |TAMS 0x0000000082200000| PB 0x0000000082200000| Untracked 
|   9|0x0000000082300000, 0x0000000082400000, 0x0000000082400000|100%| O|  |TAMS 0x0000000082300000| PB 0x0000000082300000| Untracked 
|  10|0x0000000082400000, 0x0000000082500000, 0x0000000082500000|100%| O|  |TAMS 0x0000000082400000| PB 0x0000000082400000| Untracked 
|  11|0x0000000082500000, 0x0000000082600000, 0x0000000082600000|100%| O|  |TAMS 0x0000000082500000| PB 0x0000000082500000| Untracked 
|  12|0x0000000082600000, 0x0000000082700000, 0x0000000082700000|100%| O|  |TAMS 0x0000000082600000| PB 0x0000000082600000| Untracked 
|  13|0x0000000082700000, 0x0000000082800000, 0x0000000082800000|100%| O|  |TAMS 0x0000000082700000| PB 0x0000000082700000| Untracked 
|  14|0x0000000082800000, 0x0000000082900000, 0x0000000082900000|100%| O|  |TAMS 0x0000000082800000| PB 0x0000000082800000| Untracked 
|  15|0x0000000082900000, 0x0000000082a00000, 0x0000000082a00000|100%| O|  |TAMS 0x0000000082900000| PB 0x0000000082900000| Untracked 
|  16|0x0000000082a00000, 0x0000000082b00000, 0x0000000082b00000|100%| O|  |TAMS 0x0000000082a00000| PB 0x0000000082a00000| Untracked 
|  17|0x0000000082b00000, 0x0000000082c00000, 0x0000000082c00000|100%| O|  |TAMS 0x0000000082b00000| PB 0x0000000082b00000| Untracked 
|  18|0x0000000082c00000, 0x0000000082d00000, 0x0000000082d00000|100%| O|  |TAMS 0x0000000082c00000| PB 0x0000000082c00000| Untracked 
|  19|0x0000000082d00000, 0x0000000082e00000, 0x0000000082e00000|100%| O|  |TAMS 0x0000000082d00000| PB 0x0000000082d00000| Untracked 
|  20|0x0000000082e00000, 0x0000000082f00000, 0x0000000082f00000|100%| O|  |TAMS 0x0000000082e00000| PB 0x0000000082e00000| Untracked 
|  21|0x0000000082f00000, 0x0000000083000000, 0x0000000083000000|100%| O|  |TAMS 0x0000000082f00000| PB 0x0000000082f00000| Untracked 
|  22|0x0000000083000000, 0x0000000083100000, 0x0000000083100000|100%| O|  |TAMS 0x0000000083000000| PB 0x0000000083000000| Untracked 
|  23|0x0000000083100000, 0x0000000083200000, 0x0000000083200000|100%| O|  |TAMS 0x0000000083100000| PB 0x0000000083100000| Untracked 
|  24|0x0000000083200000, 0x0000000083300000, 0x0000000083300000|100%| O|  |TAMS 0x0000000083200000| PB 0x0000000083200000| Untracked 
|  25|0x0000000083300000, 0x0000000083400000, 0x0000000083400000|100%| O|  |TAMS 0x0000000083300000| PB 0x0000000083300000| Untracked 
|  26|0x0000000083400000, 0x0000000083500000, 0x0000000083500000|100%| O|  |TAMS 0x0000000083400000| PB 0x0000000083400000| Untracked 
|  27|0x0000000083500000, 0x0000000083600000, 0x0000000083600000|100%| O|  |TAMS 0x0000000083500000| PB 0x0000000083500000| Untracked 
|  28|0x0000000083600000, 0x0000000083700000, 0x0000000083700000|100%| O|  |TAMS 0x0000000083600000| PB 0x0000000083600000| Untracked 
|  29|0x0000000083700000, 0x0000000083800000, 0x0000000083800000|100%| O|  |TAMS 0x0000000083700000| PB 0x0000000083700000| Untracked 
|  30|0x0000000083800000, 0x0000000083900000, 0x0000000083900000|100%| O|  |TAMS 0x0000000083800000| PB 0x0000000083800000| Untracked 
|  31|0x0000000083900000, 0x0000000083a00000, 0x0000000083a00000|100%| O|  |TAMS 0x0000000083900000| PB 0x0000000083900000| Untracked 
|  32|0x0000000083a00000, 0x0000000083b00000, 0x0000000083b00000|100%| O|  |TAMS 0x0000000083a00000| PB 0x0000000083a00000| Untracked 
|  33|0x0000000083b00000, 0x0000000083c00000, 0x0000000083c00000|100%| O|  |TAMS 0x0000000083b00000| PB 0x0000000083b00000| Untracked 
|  34|0x0000000083c00000, 0x0000000083d00000, 0x0000000083d00000|100%| O|  |TAMS 0x0000000083c00000| PB 0x0000000083c00000| Untracked 
|  35|0x0000000083d00000, 0x0000000083e00000, 0x0000000083e00000|100%| O|  |TAMS 0x0000000083d00000| PB 0x0000000083d00000| Untracked 
|  36|0x0000000083e00000, 0x0000000083f00000, 0x0000000083f00000|100%| O|  |TAMS 0x0000000083e00000| PB 0x0000000083e00000| Untracked 
|  37|0x0000000083f00000, 0x0000000084000000, 0x0000000084000000|100%| O|  |TAMS 0x0000000083f00000| PB 0x0000000083f00000| Untracked 
|  38|0x0000000084000000, 0x0000000084100000, 0x0000000084100000|100%| O|  |TAMS 0x0000000084000000| PB 0x0000000084000000| Untracked 
|  39|0x0000000084100000, 0x0000000084200000, 0x0000000084200000|100%| O|  |TAMS 0x0000000084100000| PB 0x0000000084100000| Untracked 
|  40|0x0000000084200000, 0x0000000084300000, 0x0000000084300000|100%| O|  |TAMS 0x0000000084200000| PB 0x0000000084200000| Untracked 
|  41|0x0000000084300000, 0x0000000084400000, 0x0000000084400000|100%| O|  |TAMS 0x0000000084300000| PB 0x0000000084300000| Untracked 
|  42|0x0000000084400000, 0x0000000084500000, 0x0000000084500000|100%| O|  |TAMS 0x0000000084400000| PB 0x0000000084400000| Untracked 
|  43|0x0000000084500000, 0x0000000084600000, 0x0000000084600000|100%| O|  |TAMS 0x0000000084500000| PB 0x0000000084500000| Untracked 
|  44|0x0000000084600000, 0x0000000084700000, 0x0000000084700000|100%| O|  |TAMS 0x0000000084600000| PB 0x0000000084600000| Untracked 
|  45|0x0000000084700000, 0x0000000084800000, 0x0000000084800000|100%| O|  |TAMS 0x0000000084700000| PB 0x0000000084700000| Untracked 
|  46|0x0000000084800000, 0x0000000084900000, 0x0000000084900000|100%| O|  |TAMS 0x0000000084800000| PB 0x0000000084800000| Untracked 
|  47|0x0000000084900000, 0x0000000084a00000, 0x0000000084a00000|100%| O|  |TAMS 0x0000000084900000| PB 0x0000000084900000| Untracked 
|  48|0x0000000084a00000, 0x0000000084b00000, 0x0000000084b00000|100%| O|  |TAMS 0x0000000084a00000| PB 0x0000000084a00000| Untracked 
|  49|0x0000000084b00000, 0x0000000084c00000, 0x0000000084c00000|100%| O|  |TAMS 0x0000000084b00000| PB 0x0000000084b00000| Untracked 
|  50|0x0000000084c00000, 0x0000000084d00000, 0x0000000084d00000|100%| O|  |TAMS 0x0000000084c00000| PB 0x0000000084c00000| Untracked 
|  51|0x0000000084d00000, 0x0000000084e00000, 0x0000000084e00000|100%| O|  |TAMS 0x0000000084d00000| PB 0x0000000084d00000| Untracked 
|  52|0x0000000084e00000, 0x0000000084f00000, 0x0000000084f00000|100%| O|  |TAMS 0x0000000084e00000| PB 0x0000000084e00000| Untracked 
|  53|0x0000000084f00000, 0x0000000085000000, 0x0000000085000000|100%| O|  |TAMS 0x0000000084f00000| PB 0x0000000084f00000| Untracked 
|  54|0x0000000085000000, 0x0000000085100000, 0x0000000085100000|100%| O|  |TAMS 0x0000000085000000| PB 0x0000000085000000| Untracked 
|  55|0x0000000085100000, 0x0000000085200000, 0x0000000085200000|100%| O|  |TAMS 0x0000000085100000| PB 0x0000000085100000| Untracked 
|  56|0x0000000085200000, 0x0000000085300000, 0x0000000085300000|100%| O|  |TAMS 0x0000000085200000| PB 0x0000000085200000| Untracked 
|  57|0x0000000085300000, 0x000000008535deb8, 0x0000000085400000| 36%| O|  |TAMS 0x0000000085300000| PB 0x0000000085300000| Untracked 
|  58|0x0000000085400000, 0x0000000085400000, 0x0000000085500000|  0%| F|  |TAMS 0x0000000085400000| PB 0x0000000085400000| Untracked 
|  59|0x0000000085500000, 0x0000000085600000, 0x0000000085600000|100%| O|  |TAMS 0x0000000085500000| PB 0x0000000085500000| Untracked 
|  60|0x0000000085600000, 0x0000000085600000, 0x0000000085700000|  0%| F|  |TAMS 0x0000000085600000| PB 0x0000000085600000| Untracked 
|  61|0x0000000085700000, 0x0000000085700000, 0x0000000085800000|  0%| F|  |TAMS 0x0000000085700000| PB 0x0000000085700000| Untracked 
|  62|0x0000000085800000, 0x0000000085800000, 0x0000000085900000|  0%| F|  |TAMS 0x0000000085800000| PB 0x0000000085800000| Untracked 
|  63|0x0000000085900000, 0x0000000085900000, 0x0000000085a00000|  0%| F|  |TAMS 0x0000000085900000| PB 0x0000000085900000| Untracked 
|  64|0x0000000085a00000, 0x0000000085a00000, 0x0000000085b00000|  0%| F|  |TAMS 0x0000000085a00000| PB 0x0000000085a00000| Untracked 
|  65|0x0000000085b00000, 0x0000000085b00000, 0x0000000085c00000|  0%| F|  |TAMS 0x0000000085b00000| PB 0x0000000085b00000| Untracked 
|  66|0x0000000085c00000, 0x0000000085c00000, 0x0000000085d00000|  0%| F|  |TAMS 0x0000000085c00000| PB 0x0000000085c00000| Untracked 
|  67|0x0000000085d00000, 0x0000000085d00000, 0x0000000085e00000|  0%| F|  |TAMS 0x0000000085d00000| PB 0x0000000085d00000| Untracked 
|  68|0x0000000085e00000, 0x0000000085e00000, 0x0000000085f00000|  0%| F|  |TAMS 0x0000000085e00000| PB 0x0000000085e00000| Untracked 
|  69|0x0000000085f00000, 0x0000000085f00000, 0x0000000086000000|  0%| F|  |TAMS 0x0000000085f00000| PB 0x0000000085f00000| Untracked 
|  70|0x0000000086000000, 0x0000000086000000, 0x0000000086100000|  0%| F|  |TAMS 0x0000000086000000| PB 0x0000000086000000| Untracked 
|  71|0x0000000086100000, 0x0000000086100000, 0x0000000086200000|  0%| F|  |TAMS 0x0000000086100000| PB 0x0000000086100000| Untracked 
|  72|0x0000000086200000, 0x0000000086200000, 0x0000000086300000|  0%| F|  |TAMS 0x0000000086200000| PB 0x0000000086200000| Untracked 
|  73|0x0000000086300000, 0x0000000086300000, 0x0000000086400000|  0%| F|  |TAMS 0x0000000086300000| PB 0x0000000086300000| Untracked 
|  74|0x0000000086400000, 0x00000000864710e0, 0x0000000086500000| 44%| S|CS|TAMS 0x0000000086400000| PB 0x0000000086400000| Complete 
|  75|0x0000000086500000, 0x0000000086600000, 0x0000000086600000|100%| S|CS|TAMS 0x0000000086500000| PB 0x0000000086500000| Complete 
|  76|0x0000000086600000, 0x0000000086600000, 0x0000000086700000|  0%| F|  |TAMS 0x0000000086600000| PB 0x0000000086600000| Untracked 
|  77|0x0000000086700000, 0x0000000086800000, 0x0000000086800000|100%| O|  |TAMS 0x0000000086700000| PB 0x0000000086700000| Untracked 
|  78|0x0000000086800000, 0x0000000086900000, 0x0000000086900000|100%| O|  |TAMS 0x0000000086800000| PB 0x0000000086800000| Untracked 
|  79|0x0000000086900000, 0x0000000086a00000, 0x0000000086a00000|100%| O|  |TAMS 0x0000000086900000| PB 0x0000000086900000| Untracked 
|  80|0x0000000086a00000, 0x0000000086b00000, 0x0000000086b00000|100%| S|CS|TAMS 0x0000000086a00000| PB 0x0000000086a00000| Complete 
|  81|0x0000000086b00000, 0x0000000086c00000, 0x0000000086c00000|100%| S|CS|TAMS 0x0000000086b00000| PB 0x0000000086b00000| Complete 
|  82|0x0000000086c00000, 0x0000000086d00000, 0x0000000086d00000|100%| S|CS|TAMS 0x0000000086c00000| PB 0x0000000086c00000| Complete 
|  83|0x0000000086d00000, 0x0000000086e00000, 0x0000000086e00000|100%| S|CS|TAMS 0x0000000086d00000| PB 0x0000000086d00000| Complete 
|  84|0x0000000086e00000, 0x0000000086f00000, 0x0000000086f00000|100%| S|CS|TAMS 0x0000000086e00000| PB 0x0000000086e00000| Complete 
|  85|0x0000000086f00000, 0x0000000087000000, 0x0000000087000000|100%| S|CS|TAMS 0x0000000086f00000| PB 0x0000000086f00000| Complete 
|  86|0x0000000087000000, 0x0000000087000000, 0x0000000087100000|  0%| F|  |TAMS 0x0000000087000000| PB 0x0000000087000000| Untracked 
|  87|0x0000000087100000, 0x0000000087100000, 0x0000000087200000|  0%| F|  |TAMS 0x0000000087100000| PB 0x0000000087100000| Untracked 
|  88|0x0000000087200000, 0x0000000087200000, 0x0000000087300000|  0%| F|  |TAMS 0x0000000087200000| PB 0x0000000087200000| Untracked 
|  89|0x0000000087300000, 0x0000000087300000, 0x0000000087400000|  0%| F|  |TAMS 0x0000000087300000| PB 0x0000000087300000| Untracked 
|  90|0x0000000087400000, 0x0000000087400000, 0x0000000087500000|  0%| F|  |TAMS 0x0000000087400000| PB 0x0000000087400000| Untracked 
|  91|0x0000000087500000, 0x0000000087500000, 0x0000000087600000|  0%| F|  |TAMS 0x0000000087500000| PB 0x0000000087500000| Untracked 
|  92|0x0000000087600000, 0x0000000087600000, 0x0000000087700000|  0%| F|  |TAMS 0x0000000087600000| PB 0x0000000087600000| Untracked 
|  93|0x0000000087700000, 0x0000000087700000, 0x0000000087800000|  0%| F|  |TAMS 0x0000000087700000| PB 0x0000000087700000| Untracked 
|  94|0x0000000087800000, 0x0000000087800000, 0x0000000087900000|  0%| F|  |TAMS 0x0000000087800000| PB 0x0000000087800000| Untracked 
|  95|0x0000000087900000, 0x0000000087900000, 0x0000000087a00000|  0%| F|  |TAMS 0x0000000087900000| PB 0x0000000087900000| Untracked 
|  96|0x0000000087a00000, 0x0000000087a00000, 0x0000000087b00000|  0%| F|  |TAMS 0x0000000087a00000| PB 0x0000000087a00000| Untracked 
|  97|0x0000000087b00000, 0x0000000087b00000, 0x0000000087c00000|  0%| F|  |TAMS 0x0000000087b00000| PB 0x0000000087b00000| Untracked 
|  98|0x0000000087c00000, 0x0000000087c00000, 0x0000000087d00000|  0%| F|  |TAMS 0x0000000087c00000| PB 0x0000000087c00000| Untracked 
|  99|0x0000000087d00000, 0x0000000087d00000, 0x0000000087e00000|  0%| F|  |TAMS 0x0000000087d00000| PB 0x0000000087d00000| Untracked 
| 100|0x0000000087e00000, 0x0000000087e00000, 0x0000000087f00000|  0%| F|  |TAMS 0x0000000087e00000| PB 0x0000000087e00000| Untracked 
| 101|0x0000000087f00000, 0x0000000087f00000, 0x0000000088000000|  0%| F|  |TAMS 0x0000000087f00000| PB 0x0000000087f00000| Untracked 
| 102|0x0000000088000000, 0x0000000088000000, 0x0000000088100000|  0%| F|  |TAMS 0x0000000088000000| PB 0x0000000088000000| Untracked 
| 103|0x0000000088100000, 0x0000000088100000, 0x0000000088200000|  0%| F|  |TAMS 0x0000000088100000| PB 0x0000000088100000| Untracked 
| 104|0x0000000088200000, 0x0000000088200000, 0x0000000088300000|  0%| F|  |TAMS 0x0000000088200000| PB 0x0000000088200000| Untracked 
| 105|0x0000000088300000, 0x0000000088300000, 0x0000000088400000|  0%| F|  |TAMS 0x0000000088300000| PB 0x0000000088300000| Untracked 
| 106|0x0000000088400000, 0x0000000088400000, 0x0000000088500000|  0%| F|  |TAMS 0x0000000088400000| PB 0x0000000088400000| Untracked 
| 107|0x0000000088500000, 0x0000000088500000, 0x0000000088600000|  0%| F|  |TAMS 0x0000000088500000| PB 0x0000000088500000| Untracked 
| 108|0x0000000088600000, 0x0000000088600000, 0x0000000088700000|  0%| F|  |TAMS 0x0000000088600000| PB 0x0000000088600000| Untracked 
| 109|0x0000000088700000, 0x0000000088700000, 0x0000000088800000|  0%| F|  |TAMS 0x0000000088700000| PB 0x0000000088700000| Untracked 
| 110|0x0000000088800000, 0x0000000088800000, 0x0000000088900000|  0%| F|  |TAMS 0x0000000088800000| PB 0x0000000088800000| Untracked 
| 111|0x0000000088900000, 0x0000000088900000, 0x0000000088a00000|  0%| F|  |TAMS 0x0000000088900000| PB 0x0000000088900000| Untracked 
| 112|0x0000000088a00000, 0x0000000088a00000, 0x0000000088b00000|  0%| F|  |TAMS 0x0000000088a00000| PB 0x0000000088a00000| Untracked 
| 113|0x0000000088b00000, 0x0000000088b00000, 0x0000000088c00000|  0%| F|  |TAMS 0x0000000088b00000| PB 0x0000000088b00000| Untracked 
| 114|0x0000000088c00000, 0x0000000088c00000, 0x0000000088d00000|  0%| F|  |TAMS 0x0000000088c00000| PB 0x0000000088c00000| Untracked 
| 115|0x0000000088d00000, 0x0000000088d00000, 0x0000000088e00000|  0%| F|  |TAMS 0x0000000088d00000| PB 0x0000000088d00000| Untracked 
| 116|0x0000000088e00000, 0x0000000088e00000, 0x0000000088f00000|  0%| F|  |TAMS 0x0000000088e00000| PB 0x0000000088e00000| Untracked 
| 117|0x0000000088f00000, 0x0000000088f00000, 0x0000000089000000|  0%| F|  |TAMS 0x0000000088f00000| PB 0x0000000088f00000| Untracked 
| 118|0x0000000089000000, 0x0000000089000000, 0x0000000089100000|  0%| F|  |TAMS 0x0000000089000000| PB 0x0000000089000000| Untracked 
| 119|0x0000000089100000, 0x0000000089100000, 0x0000000089200000|  0%| F|  |TAMS 0x0000000089100000| PB 0x0000000089100000| Untracked 
| 120|0x0000000089200000, 0x0000000089200000, 0x0000000089300000|  0%| F|  |TAMS 0x0000000089200000| PB 0x0000000089200000| Untracked 
| 121|0x0000000089300000, 0x0000000089300000, 0x0000000089400000|  0%| F|  |TAMS 0x0000000089300000| PB 0x0000000089300000| Untracked 
| 122|0x0000000089400000, 0x0000000089400000, 0x0000000089500000|  0%| F|  |TAMS 0x0000000089400000| PB 0x0000000089400000| Untracked 
| 123|0x0000000089500000, 0x0000000089500000, 0x0000000089600000|  0%| F|  |TAMS 0x0000000089500000| PB 0x0000000089500000| Untracked 
| 124|0x0000000089600000, 0x0000000089600000, 0x0000000089700000|  0%| F|  |TAMS 0x0000000089600000| PB 0x0000000089600000| Untracked 
| 125|0x0000000089700000, 0x0000000089700000, 0x0000000089800000|  0%| F|  |TAMS 0x0000000089700000| PB 0x0000000089700000| Untracked 
| 126|0x0000000089800000, 0x0000000089800000, 0x0000000089900000|  0%| F|  |TAMS 0x0000000089800000| PB 0x0000000089800000| Untracked 
| 127|0x0000000089900000, 0x0000000089900000, 0x0000000089a00000|  0%| F|  |TAMS 0x0000000089900000| PB 0x0000000089900000| Untracked 
| 128|0x0000000089a00000, 0x0000000089a00000, 0x0000000089b00000|  0%| F|  |TAMS 0x0000000089a00000| PB 0x0000000089a00000| Untracked 
| 129|0x0000000089b00000, 0x0000000089b00000, 0x0000000089c00000|  0%| F|  |TAMS 0x0000000089b00000| PB 0x0000000089b00000| Untracked 
| 130|0x0000000089c00000, 0x0000000089c00000, 0x0000000089d00000|  0%| F|  |TAMS 0x0000000089c00000| PB 0x0000000089c00000| Untracked 
| 131|0x0000000089d00000, 0x0000000089d00000, 0x0000000089e00000|  0%| F|  |TAMS 0x0000000089d00000| PB 0x0000000089d00000| Untracked 
| 132|0x0000000089e00000, 0x0000000089e00000, 0x0000000089f00000|  0%| F|  |TAMS 0x0000000089e00000| PB 0x0000000089e00000| Untracked 
| 133|0x0000000089f00000, 0x0000000089f00000, 0x000000008a000000|  0%| F|  |TAMS 0x0000000089f00000| PB 0x0000000089f00000| Untracked 
| 134|0x000000008a000000, 0x000000008a000000, 0x000000008a100000|  0%| F|  |TAMS 0x000000008a000000| PB 0x000000008a000000| Untracked 
| 135|0x000000008a100000, 0x000000008a100000, 0x000000008a200000|  0%| F|  |TAMS 0x000000008a100000| PB 0x000000008a100000| Untracked 
| 136|0x000000008a200000, 0x000000008a200000, 0x000000008a300000|  0%| F|  |TAMS 0x000000008a200000| PB 0x000000008a200000| Untracked 
| 137|0x000000008a300000, 0x000000008a300000, 0x000000008a400000|  0%| F|  |TAMS 0x000000008a300000| PB 0x000000008a300000| Untracked 
| 138|0x000000008a400000, 0x000000008a400000, 0x000000008a500000|  0%| F|  |TAMS 0x000000008a400000| PB 0x000000008a400000| Untracked 
| 139|0x000000008a500000, 0x000000008a500000, 0x000000008a600000|  0%| F|  |TAMS 0x000000008a500000| PB 0x000000008a500000| Untracked 
| 140|0x000000008a600000, 0x000000008a600000, 0x000000008a700000|  0%| F|  |TAMS 0x000000008a600000| PB 0x000000008a600000| Untracked 
| 141|0x000000008a700000, 0x000000008a700000, 0x000000008a800000|  0%| F|  |TAMS 0x000000008a700000| PB 0x000000008a700000| Untracked 
| 142|0x000000008a800000, 0x000000008a800000, 0x000000008a900000|  0%| F|  |TAMS 0x000000008a800000| PB 0x000000008a800000| Untracked 
| 143|0x000000008a900000, 0x000000008a900000, 0x000000008aa00000|  0%| F|  |TAMS 0x000000008a900000| PB 0x000000008a900000| Untracked 
| 144|0x000000008aa00000, 0x000000008aa00000, 0x000000008ab00000|  0%| F|  |TAMS 0x000000008aa00000| PB 0x000000008aa00000| Untracked 
| 145|0x000000008ab00000, 0x000000008ab00000, 0x000000008ac00000|  0%| F|  |TAMS 0x000000008ab00000| PB 0x000000008ab00000| Untracked 
| 146|0x000000008ac00000, 0x000000008ac00000, 0x000000008ad00000|  0%| F|  |TAMS 0x000000008ac00000| PB 0x000000008ac00000| Untracked 
| 147|0x000000008ad00000, 0x000000008ad00000, 0x000000008ae00000|  0%| F|  |TAMS 0x000000008ad00000| PB 0x000000008ad00000| Untracked 
| 148|0x000000008ae00000, 0x000000008ae00000, 0x000000008af00000|  0%| F|  |TAMS 0x000000008ae00000| PB 0x000000008ae00000| Untracked 
| 149|0x000000008af00000, 0x000000008af00000, 0x000000008b000000|  0%| F|  |TAMS 0x000000008af00000| PB 0x000000008af00000| Untracked 
| 150|0x000000008b000000, 0x000000008b000000, 0x000000008b100000|  0%| F|  |TAMS 0x000000008b000000| PB 0x000000008b000000| Untracked 
| 151|0x000000008b100000, 0x000000008b100000, 0x000000008b200000|  0%| F|  |TAMS 0x000000008b100000| PB 0x000000008b100000| Untracked 
| 152|0x000000008b200000, 0x000000008b200000, 0x000000008b300000|  0%| F|  |TAMS 0x000000008b200000| PB 0x000000008b200000| Untracked 
| 153|0x000000008b300000, 0x000000008b300000, 0x000000008b400000|  0%| F|  |TAMS 0x000000008b300000| PB 0x000000008b300000| Untracked 
| 154|0x000000008b400000, 0x000000008b400000, 0x000000008b500000|  0%| F|  |TAMS 0x000000008b400000| PB 0x000000008b400000| Untracked 
|2015|0x00000000ff900000, 0x00000000ff900000, 0x00000000ffa00000|  0%| F|  |TAMS 0x00000000ff900000| PB 0x00000000ff900000| Untracked 
|2016|0x00000000ffa00000, 0x00000000ffb00000, 0x00000000ffb00000|100%| O|  |TAMS 0x00000000ffa00000| PB 0x00000000ffa00000| Untracked 
|2017|0x00000000ffb00000, 0x00000000ffb00000, 0x00000000ffc00000|  0%| F|  |TAMS 0x00000000ffb00000| PB 0x00000000ffb00000| Untracked 
|2018|0x00000000ffc00000, 0x00000000ffc00000, 0x00000000ffd00000|  0%| F|  |TAMS 0x00000000ffc00000| PB 0x00000000ffc00000| Untracked 
|2019|0x00000000ffd00000, 0x00000000ffd00000, 0x00000000ffe00000|  0%| F|  |TAMS 0x00000000ffd00000| PB 0x00000000ffd00000| Untracked 
|2020|0x00000000ffe00000, 0x00000000ffe00000, 0x00000000fff00000|  0%| F|  |TAMS 0x00000000ffe00000| PB 0x00000000ffe00000| Untracked 
|2021|0x00000000fff00000, 0x00000000fff00000, 0x0000000100000000|  0%| F|  |TAMS 0x00000000fff00000| PB 0x00000000fff00000| Untracked 

Card table byte_map: [0x000001e1db210000,0x000001e1db610000] _byte_map_base: 0x000001e1dae03000

Marking Bits: (CMBitMap*) 0x000001e1d78274e0
 Bits: [0x000001e1db610000, 0x000001e1dd5a8000)

Polling page: 0x000001e1ccec0000

Metaspace:

Usage:
  Non-class:     73.53 MB used.
      Class:     11.85 MB used.
       Both:     85.37 MB used.

Virtual space:
  Non-class space:      128.00 MB reserved,      74.06 MB ( 58%) committed,  2 nodes.
      Class space:        1.00 GB reserved,      12.25 MB (  1%) committed,  1 nodes.
             Both:        1.12 GB reserved,      86.31 MB (  7%) committed. 

Chunk freelists:
   Non-Class:  5.93 MB
       Class:  3.66 MB
        Both:  9.60 MB

MaxMetaspaceSize: unlimited
CompressedClassSpaceSize: 1.00 GB
Initial GC threshold: 21.00 MB
Current GC threshold: 133.75 MB
CDS: on
 - commit_granule_bytes: 65536.
 - commit_granule_words: 8192.
 - virtual_space_node_default_size: 8388608.
 - enlarge_chunks_in_place: 1.
 - use_allocation_guard: 0.


Internal statistics:

num_allocs_failed_limit: 6.
num_arena_births: 1328.
num_arena_deaths: 8.
num_vsnodes_births: 3.
num_vsnodes_deaths: 0.
num_space_committed: 1381.
num_space_uncommitted: 0.
num_chunks_returned_to_freelist: 18.
num_chunks_taken_from_freelist: 4363.
num_chunk_merges: 12.
num_chunk_splits: 3216.
num_chunks_enlarged: 2499.
num_inconsistent_stats: 0.

CodeCache: size=49152Kb used=19303Kb max_used=20317Kb free=29848Kb
 bounds [0x000001e1d7960000, 0x000001e1d8d40000, 0x000001e1da960000]
 total_blobs=8590 nmethods=7853 adapters=657
 compilation: enabled
              stopped_count=0, restarted_count=0
 full_count=0

Compilation events (20 events):
Event: 36.357 Thread 0x000001e1dfb2b690 nmethod 10713 0x000001e1d8390910 code [0x000001e1d8390ac0, 0x000001e1d8390c78]
Event: 36.359 Thread 0x000001e1dfb2b690 10714       1       org.springframework.data.repository.core.RepositoryInformationSupport::getRepositoryInterface (10 bytes)
Event: 36.359 Thread 0x000001e1dfb2b690 nmethod 10714 0x000001e1d8390490 code [0x000001e1d8390640, 0x000001e1d83907c0]
Event: 36.361 Thread 0x000001e1dfb2b690 10715       1       org.hibernate.query.sqm.tree.select.SqmSelectStatement::getQuerySpec (42 bytes)
Event: 36.361 Thread 0x000001e1e4c09a40 10716       1       org.hibernate.metamodel.model.domain.AbstractManagedType::findAttribute (32 bytes)
Event: 36.362 Thread 0x000001e1e4c09a40 nmethod 10716 0x000001e1d838fe90 code [0x000001e1d8390080, 0x000001e1d8390288]
Event: 36.362 Thread 0x000001e1dfb2b690 nmethod 10715 0x000001e1d838f810 code [0x000001e1d838f9e0, 0x000001e1d838fc28]
Event: 36.363 Thread 0x000001e1dfb2b690 10717       1       jdk.internal.org.objectweb.asm.Type::getType (122 bytes)
Event: 36.363 Thread 0x000001e1e4c09a40 10718       1       jdk.internal.org.objectweb.asm.Type::getDescriptor (18 bytes)
Event: 36.363 Thread 0x000001e1dfe00a60 10719       1       jdk.internal.org.objectweb.asm.Type::appendDescriptor (185 bytes)
Event: 36.363 Thread 0x000001e1e4c09a40 nmethod 10718 0x000001e1d838f290 code [0x000001e1d838f460, 0x000001e1d838f658]
Event: 36.364 Thread 0x000001e1dfb2b690 nmethod 10717 0x000001e1d838e490 code [0x000001e1d838e700, 0x000001e1d838ecb8]
Event: 36.364 Thread 0x000001e1dfe00a60 nmethod 10719 0x000001e1d838d590 code [0x000001e1d838d7e0, 0x000001e1d838dcc8]
Event: 36.378 Thread 0x000001e1dfb2b690 10720       1       org.springframework.beans.factory.support.AbstractBeanFactory::containsBean (72 bytes)
Event: 36.379 Thread 0x000001e1dfb2b690 nmethod 10720 0x000001e1d8704a90 code [0x000001e1d8704d00, 0x000001e1d8705238]
Event: 36.381 Thread 0x000001e1dfb2b690 10721   !   1       jdk.proxy2.$Proxy195::annotationType (29 bytes)
Event: 36.381 Thread 0x000001e1dfb2b690 nmethod 10721 0x000001e1d8704410 code [0x000001e1d87045e0, 0x000001e1d8704848]
Event: 36.386 Thread 0x000001e1e4c09a40 10722       1       org.springframework.beans.factory.config.ConstructorArgumentValues::getArgumentValue (41 bytes)
Event: 36.386 Thread 0x000001e1dfe00a60 10723       1       org.springframework.beans.factory.config.ConstructorArgumentValues::getIndexedArgumentValue (97 bytes)
Event: 36.387 Thread 0x000001e1e4c09a40 nmethod 10722 0x000001e1d8703e10 code [0x000001e1d8703fe0, 0x000001e1d8704210]

GC Heap History (20 events):
Event: 32.219 GC heap after
{Heap after GC invocations=28 (full 0):
 garbage-first heap   total 95232K, used 52182K [0x0000000081a00000, 0x0000000100000000)
  region size 1024K, 5 young (5120K), 5 survivors (5120K)
 Metaspace       used 77012K, committed 77760K, reserved 1179648K
  class space    used 10695K, committed 11008K, reserved 1048576K
}
Event: 32.610 GC heap before
{Heap before GC invocations=29 (full 0):
 garbage-first heap   total 104448K, used 82902K [0x0000000081a00000, 0x0000000100000000)
  region size 1024K, 36 young (36864K), 5 survivors (5120K)
 Metaspace       used 78564K, committed 79296K, reserved 1179648K
  class space    used 11047K, committed 11392K, reserved 1048576K
}
Event: 32.619 GC heap after
{Heap after GC invocations=30 (full 0):
 garbage-first heap   total 104448K, used 54524K [0x0000000081a00000, 0x0000000100000000)
  region size 1024K, 2 young (2048K), 2 survivors (2048K)
 Metaspace       used 78564K, committed 79296K, reserved 1179648K
  class space    used 11047K, committed 11392K, reserved 1048576K
}
Event: 32.842 GC heap before
{Heap before GC invocations=30 (full 0):
 garbage-first heap   total 104448K, used 93436K [0x0000000081a00000, 0x0000000100000000)
  region size 1024K, 41 young (41984K), 2 survivors (2048K)
 Metaspace       used 80004K, committed 80768K, reserved 1179648K
  class space    used 11241K, committed 11584K, reserved 1048576K
}
Event: 32.852 GC heap after
{Heap after GC invocations=31 (full 0):
 garbage-first heap   total 104448K, used 57156K [0x0000000081a00000, 0x0000000100000000)
  region size 1024K, 5 young (5120K), 5 survivors (5120K)
 Metaspace       used 80004K, committed 80768K, reserved 1179648K
  class space    used 11241K, committed 11584K, reserved 1048576K
}
Event: 32.946 GC heap before
{Heap before GC invocations=31 (full 0):
 garbage-first heap   total 104448K, used 91972K [0x0000000081a00000, 0x0000000100000000)
  region size 1024K, 39 young (39936K), 5 survivors (5120K)
 Metaspace       used 80010K, committed 80768K, reserved 1179648K
  class space    used 11241K, committed 11584K, reserved 1048576K
}
Event: 32.952 GC heap after
{Heap after GC invocations=32 (full 0):
 garbage-first heap   total 104448K, used 55675K [0x0000000081a00000, 0x0000000100000000)
  region size 1024K, 1 young (1024K), 1 survivors (1024K)
 Metaspace       used 80010K, committed 80768K, reserved 1179648K
  class space    used 11241K, committed 11584K, reserved 1048576K
}
Event: 33.397 GC heap before
{Heap before GC invocations=33 (full 0):
 garbage-first heap   total 109568K, used 95611K [0x0000000081a00000, 0x0000000100000000)
  region size 1024K, 40 young (40960K), 1 survivors (1024K)
 Metaspace       used 80221K, committed 80960K, reserved 1179648K
  class space    used 11296K, committed 11648K, reserved 1048576K
}
Event: 33.404 GC heap after
{Heap after GC invocations=34 (full 0):
 garbage-first heap   total 109568K, used 59776K [0x0000000081a00000, 0x0000000100000000)
  region size 1024K, 5 young (5120K), 5 survivors (5120K)
 Metaspace       used 80221K, committed 80960K, reserved 1179648K
  class space    used 11296K, committed 11648K, reserved 1048576K
}
Event: 33.497 GC heap before
{Heap before GC invocations=34 (full 0):
 garbage-first heap   total 109568K, used 97664K [0x0000000081a00000, 0x0000000100000000)
  region size 1024K, 42 young (43008K), 5 survivors (5120K)
 Metaspace       used 80223K, committed 80960K, reserved 1179648K
  class space    used 11296K, committed 11648K, reserved 1048576K
}
Event: 33.509 GC heap after
{Heap after GC invocations=35 (full 0):
 garbage-first heap   total 143360K, used 62290K [0x0000000081a00000, 0x0000000100000000)
  region size 1024K, 6 young (6144K), 6 survivors (6144K)
 Metaspace       used 80223K, committed 80960K, reserved 1179648K
  class space    used 11296K, committed 11648K, reserved 1048576K
}
Event: 33.697 GC heap before
{Heap before GC invocations=35 (full 0):
 garbage-first heap   total 143360K, used 128850K [0x0000000081a00000, 0x0000000100000000)
  region size 1024K, 70 young (71680K), 6 survivors (6144K)
 Metaspace       used 80224K, committed 80960K, reserved 1179648K
  class space    used 11296K, committed 11648K, reserved 1048576K
}
Event: 33.722 GC heap after
{Heap after GC invocations=36 (full 0):
 garbage-first heap   total 150528K, used 78840K [0x0000000081a00000, 0x0000000100000000)
  region size 1024K, 9 young (9216K), 9 survivors (9216K)
 Metaspace       used 80224K, committed 80960K, reserved 1179648K
  class space    used 11296K, committed 11648K, reserved 1048576K
}
Event: 34.072 GC heap before
{Heap before GC invocations=36 (full 0):
 garbage-first heap   total 150528K, used 126968K [0x0000000081a00000, 0x0000000100000000)
  region size 1024K, 56 young (57344K), 9 survivors (9216K)
 Metaspace       used 81174K, committed 82048K, reserved 1179648K
  class space    used 11384K, committed 11776K, reserved 1048576K
}
Event: 34.087 GC heap after
{Heap after GC invocations=37 (full 0):
 garbage-first heap   total 150528K, used 82432K [0x0000000081a00000, 0x0000000100000000)
  region size 1024K, 3 young (3072K), 3 survivors (3072K)
 Metaspace       used 81174K, committed 82048K, reserved 1179648K
  class space    used 11384K, committed 11776K, reserved 1048576K
}
Event: 34.246 GC heap before
{Heap before GC invocations=37 (full 0):
 garbage-first heap   total 150528K, used 130560K [0x0000000081a00000, 0x0000000100000000)
  region size 1024K, 50 young (51200K), 3 survivors (3072K)
 Metaspace       used 81229K, committed 82112K, reserved 1179648K
  class space    used 11393K, committed 11776K, reserved 1048576K
}
Event: 34.252 GC heap after
{Heap after GC invocations=38 (full 0):
 garbage-first heap   total 150528K, used 82346K [0x0000000081a00000, 0x0000000100000000)
  region size 1024K, 3 young (3072K), 3 survivors (3072K)
 Metaspace       used 81229K, committed 82112K, reserved 1179648K
  class space    used 11393K, committed 11776K, reserved 1048576K
}
Event: 35.148 GC heap before
{Heap before GC invocations=39 (full 0):
 garbage-first heap   total 165888K, used 129450K [0x0000000081a00000, 0x0000000100000000)
  region size 1024K, 54 young (55296K), 3 survivors (3072K)
 Metaspace       used 82280K, committed 83200K, reserved 1179648K
  class space    used 11553K, committed 11968K, reserved 1048576K
}
Event: 35.158 GC heap after
{Heap after GC invocations=40 (full 0):
 garbage-first heap   total 165888K, used 80336K [0x0000000081a00000, 0x0000000100000000)
  region size 1024K, 6 young (6144K), 6 survivors (6144K)
 Metaspace       used 82280K, committed 83200K, reserved 1179648K
  class space    used 11553K, committed 11968K, reserved 1048576K
}
Event: 36.387 GC heap before
{Heap before GC invocations=40 (full 0):
 garbage-first heap   total 165888K, used 144848K [0x0000000081a00000, 0x0000000100000000)
  region size 1024K, 69 young (70656K), 6 survivors (6144K)
 Metaspace       used 87422K, committed 88384K, reserved 1179648K
  class space    used 12129K, committed 12544K, reserved 1048576K
}

Dll operation events (12 events):
Event: 0.101 Loaded shared library C:\Program Files\Java\jdk-21\bin\java.dll
Event: 0.104 Loaded shared library C:\Program Files\Java\jdk-21\bin\zip.dll
Event: 4.734 Loaded shared library C:\Program Files\Java\jdk-21\bin\instrument.dll
Event: 4.823 Loaded shared library C:\Program Files\Java\jdk-21\bin\zip.dll
Event: 4.832 Loaded shared library C:\Program Files\Java\jdk-21\bin\jimage.dll
Event: 4.832 Loaded shared library C:\Program Files\Java\jdk-21\bin\net.dll
Event: 4.896 Loaded shared library C:\Program Files\Java\jdk-21\bin\nio.dll
Event: 5.657 Loaded shared library C:\Program Files\Java\jdk-21\bin\management.dll
Event: 5.770 Loaded shared library C:\Program Files\Java\jdk-21\bin\management_ext.dll
Event: 13.249 Loaded shared library C:\Program Files\Java\jdk-21\bin\extnet.dll
Event: 13.420 Loaded shared library C:\Program Files\Java\jdk-21\bin\verify.dll
Event: 17.539 Loaded shared library C:\Program Files\Java\jdk-21\bin\sunmscapi.dll

Deoptimization events (20 events):
Event: 36.382 Thread 0x000001e1e513e0f0 DEOPT PACKING pc=0x000001e1d8280c64 sp=0x0000003b1a9fcd60
Event: 36.382 Thread 0x000001e1e513e0f0 DEOPT UNPACKING pc=0x000001e1d79b4e42 sp=0x0000003b1a9fc310 mode 1
Event: 36.382 Thread 0x000001e1e513e0f0 DEOPT PACKING pc=0x000001e1d8282494 sp=0x0000003b1a9fced0
Event: 36.382 Thread 0x000001e1e513e0f0 DEOPT UNPACKING pc=0x000001e1d79b4e42 sp=0x0000003b1a9fc490 mode 1
Event: 36.383 Thread 0x000001e1e513e0f0 DEOPT PACKING pc=0x000001e1d7e7afd9 sp=0x0000003b1a9fc390
Event: 36.383 Thread 0x000001e1e513e0f0 DEOPT UNPACKING pc=0x000001e1d79b4e42 sp=0x0000003b1a9fb7e8 mode 1
Event: 36.383 Thread 0x000001e1e513e0f0 DEOPT PACKING pc=0x000001e1d7e7a22c sp=0x0000003b1a9fc420
Event: 36.383 Thread 0x000001e1e513e0f0 DEOPT UNPACKING pc=0x000001e1d79b4e42 sp=0x0000003b1a9fb8c8 mode 1
Event: 36.383 Thread 0x000001e1e513e0f0 DEOPT PACKING pc=0x000001e1d7e51314 sp=0x0000003b1a9fcea0
Event: 36.383 Thread 0x000001e1e513e0f0 DEOPT UNPACKING pc=0x000001e1d79b4e42 sp=0x0000003b1a9fc368 mode 1
Event: 36.383 Thread 0x000001e1e513e0f0 DEOPT PACKING pc=0x000001e1d7e5168c sp=0x0000003b1a9fcf30
Event: 36.383 Thread 0x000001e1e513e0f0 DEOPT UNPACKING pc=0x000001e1d79b4e42 sp=0x0000003b1a9fc408 mode 1
Event: 36.383 Thread 0x000001e1e513e0f0 DEOPT PACKING pc=0x000001e1d7e7a22c sp=0x0000003b1a9fd080
Event: 36.383 Thread 0x000001e1e513e0f0 DEOPT UNPACKING pc=0x000001e1d79b4e42 sp=0x0000003b1a9fc528 mode 1
Event: 36.383 Thread 0x000001e1e513e0f0 DEOPT PACKING pc=0x000001e1d7e51314 sp=0x0000003b1a9fdb00
Event: 36.383 Thread 0x000001e1e513e0f0 DEOPT UNPACKING pc=0x000001e1d79b4e42 sp=0x0000003b1a9fcfc8 mode 1
Event: 36.383 Thread 0x000001e1e513e0f0 DEOPT PACKING pc=0x000001e1d7e5168c sp=0x0000003b1a9fdb90
Event: 36.383 Thread 0x000001e1e513e0f0 DEOPT UNPACKING pc=0x000001e1d79b4e42 sp=0x0000003b1a9fd068 mode 1
Event: 36.384 Thread 0x000001e1e513e0f0 DEOPT PACKING pc=0x000001e1d82044b4 sp=0x0000003b1a9fdb50
Event: 36.384 Thread 0x000001e1e513e0f0 DEOPT UNPACKING pc=0x000001e1d79b4e42 sp=0x0000003b1a9fd018 mode 1

Classes loaded (20 events):
Event: 36.125 Loading class com/google/cloud/storage/UnifiedOpts$Opt
Event: 36.125 Loading class com/google/cloud/storage/UnifiedOpts$Opt done
Event: 36.174 Loading class com/simple_cabinet_medical/Backend/service/ClientService$$SpringCGLIB$$0
Event: 36.174 Loading class com/simple_cabinet_medical/Backend/service/ClientService$$SpringCGLIB$$0 done
Event: 36.213 Loading class org/springframework/aop/ClassFilter
Event: 36.213 Loading class org/springframework/aop/ClassFilter done
Event: 36.214 Loading class com/simple_cabinet_medical/Backend/controller/AuthenticationController$$SpringCGLIB$$0
Event: 36.214 Loading class com/simple_cabinet_medical/Backend/controller/AuthenticationController$$SpringCGLIB$$0 done
Event: 36.226 Loading class com/simple_cabinet_medical/Backend/controller/ClientConfigController$$SpringCGLIB$$0
Event: 36.226 Loading class com/simple_cabinet_medical/Backend/controller/ClientConfigController$$SpringCGLIB$$0 done
Event: 36.237 Loading class com/simple_cabinet_medical/Backend/controller/ClientController$$SpringCGLIB$$0
Event: 36.237 Loading class com/simple_cabinet_medical/Backend/controller/ClientController$$SpringCGLIB$$0 done
Event: 36.284 Loading class java/nio/file/FileAlreadyExistsException
Event: 36.284 Loading class java/nio/file/FileAlreadyExistsException done
Event: 36.319 Loading class com/simple_cabinet_medical/Backend/service/CompagnePublicitaireServcie$$SpringCGLIB$$0
Event: 36.319 Loading class com/simple_cabinet_medical/Backend/service/CompagnePublicitaireServcie$$SpringCGLIB$$0 done
Event: 36.339 Loading class com/simple_cabinet_medical/Backend/service/ConsultationService$$SpringCGLIB$$0
Event: 36.339 Loading class com/simple_cabinet_medical/Backend/service/ConsultationService$$SpringCGLIB$$0 done
Event: 36.382 Loading class com/simple_cabinet_medical/Backend/controller/ExamenCliniqueController$$SpringCGLIB$$0
Event: 36.382 Loading class com/simple_cabinet_medical/Backend/controller/ExamenCliniqueController$$SpringCGLIB$$0 done

Classes unloaded (4 events):
Event: 33.084 Thread 0x000001e1d793a320 Unloading class 0x000001e181a05c00 'jdk/internal/reflect/GeneratedSerializationConstructorAccessor21'
Event: 33.084 Thread 0x000001e1d793a320 Unloading class 0x000001e181a05800 'jdk/internal/reflect/GeneratedSerializationConstructorAccessor20'
Event: 33.084 Thread 0x000001e1d793a320 Unloading class 0x000001e181a05400 'jdk/internal/reflect/GeneratedSerializationConstructorAccessor19'
Event: 33.084 Thread 0x000001e1d793a320 Unloading class 0x000001e181a05000 'jdk/internal/reflect/GeneratedSerializationConstructorAccessor18'

Classes redefined (1 events):
Event: 5.119 Thread 0x000001e1d793a320 redefined class name=java.lang.Throwable, count=1

Internal exceptions (20 events):
Event: 33.950 Thread 0x000001e1e513e0f0 Exception <a 'java/lang/NoSuchMethodError'{0x0000000088af90d8}: 'java.lang.Object java.lang.invoke.DirectMethodHandle$Holder.invokeStatic(java.lang.Object, java.lang.Object, java.lang.Object, java.lang.Object, java.lang.Object, java.lang.Object, java.lang.Object, java.lang.Object, java.lang.Object, java.lang.Object, java.lang.Object, java.lang.Object, java.lang.Object, java.lang.Object, java.lang.Object, java.lang.Object, java.lang.Object)'> (0x0000000088af90d8) 
thrown [s\open\src\hotspot\share\interprete
Event: 33.953 Thread 0x000001e1e513e0f0 Exception <a 'java/lang/NoSuchMethodError'{0x0000000088921f98}: 'java.lang.Object java.lang.invoke.DirectMethodHandle$Holder.invokeStatic(java.lang.Object, java.lang.Object, java.lang.Object, java.lang.Object, java.lang.Object, java.lang.Object, java.lang.Object, java.lang.Object, java.lang.Object, java.lang.Object, java.lang.Object, java.lang.Object, java.lang.Object, java.lang.Object, java.lang.Object, java.lang.Object, java.lang.Object, java.lang.Object)'> (0x0000000088921f98) 
thrown [s\open\src\hotspo
Event: 33.955 Thread 0x000001e1e513e0f0 Exception <a 'java/lang/NoSuchMethodError'{0x000000008894c110}: 'java.lang.Object java.lang.invoke.DirectMethodHandle$Holder.invokeStatic(java.lang.Object, java.lang.Object, java.lang.Object, java.lang.Object, java.lang.Object, java.lang.Object, java.lang.Object, java.lang.Object, java.lang.Object, java.lang.Object, java.lang.Object, java.lang.Object, java.lang.Object, java.lang.Object, java.lang.Object, java.lang.Object, java.lang.Object, java.lang.Object, java.lang.Object)'> (0x000000008894c110) 
thrown 
Event: 33.958 Thread 0x000001e1e513e0f0 Exception <a 'java/lang/NoSuchMethodError'{0x00000000889776e0}: 'java.lang.Object java.lang.invoke.DirectMethodHandle$Holder.invokeStatic(java.lang.Object, java.lang.Object, java.lang.Object, java.lang.Object, java.lang.Object, java.lang.Object, java.lang.Object, java.lang.Object, java.lang.Object, java.lang.Object, java.lang.Object, java.lang.Object, java.lang.Object, java.lang.Object, java.lang.Object, java.lang.Object, java.lang.Object, java.lang.Object, java.lang.Object, java.lang.Object)'> (0x00000000
Event: 33.960 Thread 0x000001e1e513e0f0 Exception <a 'java/lang/NoSuchMethodError'{0x00000000889a4030}: 'java.lang.Object java.lang.invoke.DirectMethodHandle$Holder.invokeStatic(java.lang.Object, java.lang.Object, java.lang.Object, java.lang.Object, java.lang.Object, java.lang.Object, java.lang.Object, java.lang.Object, java.lang.Object, java.lang.Object, java.lang.Object, java.lang.Object, java.lang.Object, java.lang.Object, java.lang.Object, java.lang.Object, java.lang.Object, java.lang.Object, java.lang.Object, java.lang.Object, java.lang.Obj
Event: 33.962 Thread 0x000001e1e513e0f0 Exception <a 'java/lang/NoSuchMethodError'{0x00000000889d1230}: 'java.lang.Object java.lang.invoke.DirectMethodHandle$Holder.invokeStatic(java.lang.Object, java.lang.Object, java.lang.Object, java.lang.Object, java.lang.Object, java.lang.Object, java.lang.Object, java.lang.Object, java.lang.Object, java.lang.Object, java.lang.Object, java.lang.Object, java.lang.Object, java.lang.Object, java.lang.Object, java.lang.Object, java.lang.Object, java.lang.Object, java.lang.Object, java.lang.Object, java.lang.Obj
Event: 33.965 Thread 0x000001e1e513e0f0 Exception <a 'java/lang/NoSuchMethodError'{0x00000000889ff1d0}: 'java.lang.Object java.lang.invoke.DirectMethodHandle$Holder.invokeStatic(java.lang.Object, java.lang.Object, java.lang.Object, java.lang.Object, java.lang.Object, java.lang.Object, java.lang.Object, java.lang.Object, java.lang.Object, java.lang.Object, java.lang.Object, java.lang.Object, java.lang.Object, java.lang.Object, java.lang.Object, java.lang.Object, java.lang.Object, java.lang.Object, java.lang.Object, java.lang.Object, java.lang.Obj
Event: 33.967 Thread 0x000001e1e513e0f0 Exception <a 'java/lang/NoSuchMethodError'{0x000000008882e4a0}: 'java.lang.Object java.lang.invoke.DirectMethodHandle$Holder.invokeStatic(java.lang.Object, java.lang.Object, java.lang.Object, java.lang.Object, java.lang.Object, java.lang.Object, java.lang.Object, java.lang.Object, java.lang.Object, java.lang.Object, java.lang.Object, java.lang.Object, java.lang.Object, java.lang.Object, java.lang.Object, java.lang.Object, java.lang.Object, java.lang.Object, java.lang.Object, java.lang.Object, java.lang.Obj
Event: 33.969 Thread 0x000001e1e513e0f0 Exception <a 'java/lang/NoSuchMethodError'{0x000000008885ea68}: 'java.lang.Object java.lang.invoke.DirectMethodHandle$Holder.invokeStatic(java.lang.Object, java.lang.Object, java.lang.Object, java.lang.Object, java.lang.Object, java.lang.Object, java.lang.Object, java.lang.Object, java.lang.Object, java.lang.Object, java.lang.Object, java.lang.Object, java.lang.Object, java.lang.Object, java.lang.Object, java.lang.Object, java.lang.Object, java.lang.Object, java.lang.Object, java.lang.Object, java.lang.Obj
Event: 33.972 Thread 0x000001e1e513e0f0 Exception <a 'java/lang/NoSuchMethodError'{0x0000000088890998}: 'java.lang.Object java.lang.invoke.DirectMethodHandle$Holder.invokeStatic(java.lang.Object, java.lang.Object, java.lang.Object, java.lang.Object, java.lang.Object, java.lang.Object, java.lang.Object, java.lang.Object, java.lang.Object, java.lang.Object, java.lang.Object, java.lang.Object, java.lang.Object, java.lang.Object, java.lang.Object, java.lang.Object, java.lang.Object, java.lang.Object, java.lang.Object, java.lang.Object, java.lang.Obj
Event: 34.625 Thread 0x000001e1e513e0f0 Exception <a 'java/io/FileNotFoundException'{0x000000008ab0fa80}> (0x000000008ab0fa80) 
thrown [s\open\src\hotspot\share\prims\jni.cpp, line 520]
Event: 34.626 Thread 0x000001e1e513e0f0 Exception <a 'java/io/FileNotFoundException'{0x000000008ab19b90}> (0x000000008ab19b90) 
thrown [s\open\src\hotspot\share\prims\jni.cpp, line 520]
Event: 34.825 Thread 0x000001e1e513e0f0 Exception <a 'java/lang/NoSuchMethodError'{0x0000000088d13db8}: 'java.lang.Object java.lang.invoke.DirectMethodHandle$Holder.newInvokeSpecial(java.lang.Object, java.lang.Object, java.lang.Object, java.lang.Object, java.lang.Object, java.lang.Object, java.lang.Object, java.lang.Object, java.lang.Object)'> (0x0000000088d13db8) 
thrown [s\open\src\hotspot\share\interpreter\linkResolver.cpp, line 773]
Event: 35.125 Thread 0x000001e1e513e0f0 Exception <a 'java/lang/IncompatibleClassChangeError'{0x0000000088220140}: Found class java.lang.Object, but interface was expected> (0x0000000088220140) 
thrown [s\open\src\hotspot\share\interpreter\linkResolver.cpp, line 840]
Event: 35.425 Thread 0x000001e1e513e0f0 Exception <a 'java/lang/NoSuchMethodError'{0x000000008a551410}: 'double java.lang.invoke.DelegatingMethodHandle$Holder.reinvoke_L(java.lang.Object, java.lang.Object)'> (0x000000008a551410) 
thrown [s\open\src\hotspot\share\interpreter\linkResolver.cpp, line 773]
Event: 35.426 Thread 0x000001e1e513e0f0 Exception <a 'java/lang/NoSuchMethodError'{0x000000008a55b6a0}: 'void java.lang.invoke.DelegatingMethodHandle$Holder.reinvoke_L(java.lang.Object, java.lang.Object, double)'> (0x000000008a55b6a0) 
thrown [s\open\src\hotspot\share\interpreter\linkResolver.cpp, line 773]
Event: 35.697 Thread 0x000001e1e513e0f0 Exception <a 'java/net/UnknownHostException'{0x0000000089cb6f20}> (0x0000000089cb6f20) 
thrown [s\open\src\hotspot\share\prims\jni.cpp, line 520]
Event: 36.165 Thread 0x000001e1e513e0f0 Exception <a 'java/lang/NoSuchMethodError'{0x000000008873a060}: 'java.lang.Object java.lang.invoke.DirectMethodHandle$Holder.newInvokeSpecial(java.lang.Object, java.lang.Object, java.lang.Object, java.lang.Object, java.lang.Object, java.lang.Object, java.lang.Object, java.lang.Object, java.lang.Object, java.lang.Object, java.lang.Object, java.lang.Object, java.lang.Object)'> (0x000000008873a060) 
thrown [s\open\src\hotspot\share\interpreter\linkResolver.cpp, line 773]
Event: 36.166 Thread 0x000001e1e513e0f0 Exception <a 'java/lang/NoSuchMethodError'{0x000000008873ed98}: 'java.lang.Object java.lang.invoke.DelegatingMethodHandle$Holder.reinvoke_L(java.lang.Object, java.lang.Object, java.lang.Object, java.lang.Object, java.lang.Object, java.lang.Object, java.lang.Object, java.lang.Object, java.lang.Object, java.lang.Object, java.lang.Object, java.lang.Object, java.lang.Object)'> (0x000000008873ed98) 
thrown [s\open\src\hotspot\share\interpreter\linkResolver.cpp, line 773]
Event: 36.284 Thread 0x000001e1e513e0f0 Exception <a 'sun/nio/fs/WindowsException'{0x0000000087894388}> (0x0000000087894388) 
thrown [s\open\src\hotspot\share\prims\jni.cpp, line 520]

ZGC Phase Switch (0 events):
No events

VM Operations (20 events):
Event: 33.404 Executing VM operation: G1CollectForAllocation (G1 Evacuation Pause) done
Event: 33.497 Executing VM operation: G1CollectForAllocation (G1 Evacuation Pause)
Event: 33.509 Executing VM operation: G1CollectForAllocation (G1 Evacuation Pause) done
Event: 33.697 Executing VM operation: G1CollectForAllocation (G1 Evacuation Pause)
Event: 33.722 Executing VM operation: G1CollectForAllocation (G1 Evacuation Pause) done
Event: 34.072 Executing VM operation: G1CollectForAllocation (G1 Evacuation Pause)
Event: 34.087 Executing VM operation: G1CollectForAllocation (G1 Evacuation Pause) done
Event: 34.246 Executing VM operation: G1CollectForAllocation (G1 Evacuation Pause)
Event: 34.252 Executing VM operation: G1CollectForAllocation (G1 Evacuation Pause) done
Event: 34.428 Executing VM operation: G1PauseRemark
Event: 34.435 Executing VM operation: G1PauseRemark done
Event: 34.503 Executing VM operation: G1PauseCleanup
Event: 34.506 Executing VM operation: G1PauseCleanup done
Event: 35.031 Executing VM operation: HandshakeAllThreads (Deoptimize)
Event: 35.031 Executing VM operation: HandshakeAllThreads (Deoptimize) done
Event: 35.147 Executing VM operation: G1CollectForAllocation (G1 Evacuation Pause)
Event: 35.158 Executing VM operation: G1CollectForAllocation (G1 Evacuation Pause) done
Event: 36.165 Executing VM operation: Cleanup
Event: 36.165 Executing VM operation: Cleanup done
Event: 36.387 Executing VM operation: G1CollectForAllocation (G1 Evacuation Pause)

Events (20 events):
Event: 33.363 Thread 0x000001e1ea4e5ff0 Thread exited: 0x000001e1ea4e5ff0
Event: 33.865 Thread 0x000001e1ea4eb540 Thread added: 0x000001e1ea4eb540
Event: 33.869 Thread 0x000001e1ea4eb540 Thread exited: 0x000001e1ea4eb540
Event: 34.372 Thread 0x000001e1eb85bc90 Thread added: 0x000001e1eb85bc90
Event: 34.380 Thread 0x000001e1eb85bc90 Thread exited: 0x000001e1eb85bc90
Event: 34.432 Thread 0x000001e1d793a320 flushing nmethod 0x000001e1d8cbfe90
Event: 34.432 Thread 0x000001e1d793a320 flushing nmethod 0x000001e1d8d22e10
Event: 34.432 Thread 0x000001e1d793a320 flushing nmethod 0x000001e1d8cf2e10
Event: 34.432 Thread 0x000001e1d793a320 flushing nmethod 0x000001e1d87db410
Event: 34.432 Thread 0x000001e1d793a320 flushing nmethod 0x000001e1d8ccd990
Event: 34.432 Thread 0x000001e1d793a320 flushing nmethod 0x000001e1d8cf9f90
Event: 34.432 Thread 0x000001e1d793a320 flushing nmethod 0x000001e1d8ce8410
Event: 34.432 Thread 0x000001e1d793a320 flushing nmethod 0x000001e1d8ce9810
Event: 34.432 Thread 0x000001e1d793a320 flushing nmethod 0x000001e1d8d2bd90
Event: 34.882 Thread 0x000001e1ea4e5ff0 Thread added: 0x000001e1ea4e5ff0
Event: 34.901 Thread 0x000001e1ea4e5ff0 Thread exited: 0x000001e1ea4e5ff0
Event: 35.405 Thread 0x000001e1eb85a250 Thread added: 0x000001e1eb85a250
Event: 35.414 Thread 0x000001e1eb85a250 Thread exited: 0x000001e1eb85a250
Event: 35.911 Thread 0x000001e1ec87f8e0 Thread added: 0x000001e1ec87f8e0
Event: 35.915 Thread 0x000001e1ec87f8e0 Thread exited: 0x000001e1ec87f8e0


Dynamic libraries:
0x00007ff7ec720000 - 0x00007ff7ec730000 	C:\Program Files\Java\jdk-21\bin\java.exe
0x00007ffa70bf0000 - 0x00007ffa70de8000 	C:\WINDOWS\SYSTEM32\ntdll.dll
0x00007ffa70810000 - 0x00007ffa708d2000 	C:\WINDOWS\System32\KERNEL32.DLL
0x00007ffa6e470000 - 0x00007ffa6e766000 	C:\WINDOWS\System32\KERNELBASE.dll
0x00007ffa6e280000 - 0x00007ffa6e380000 	C:\WINDOWS\System32\ucrtbase.dll
0x00007ffa57d20000 - 0x00007ffa57d39000 	C:\Program Files\Java\jdk-21\bin\jli.dll
0x00007ffa70750000 - 0x00007ffa70801000 	C:\WINDOWS\System32\ADVAPI32.dll
0x00007ffa70960000 - 0x00007ffa709fe000 	C:\WINDOWS\System32\msvcrt.dll
0x00007ffa6f6a0000 - 0x00007ffa6f73f000 	C:\WINDOWS\System32\sechost.dll
0x00007ffa6ec60000 - 0x00007ffa6ed80000 	C:\WINDOWS\System32\RPCRT4.dll
0x00007ffa6e440000 - 0x00007ffa6e467000 	C:\WINDOWS\System32\bcrypt.dll
0x00007ffa703e0000 - 0x00007ffa70581000 	C:\WINDOWS\System32\USER32.dll
0x00007ffa6e410000 - 0x00007ffa6e432000 	C:\WINDOWS\System32\win32u.dll
0x00007ffa70a70000 - 0x00007ffa70a9b000 	C:\WINDOWS\System32\GDI32.dll
0x00007ffa6eaf0000 - 0x00007ffa6ec09000 	C:\WINDOWS\System32\gdi32full.dll
0x00007ffa6ea50000 - 0x00007ffa6eaed000 	C:\WINDOWS\System32\msvcp_win.dll
0x00007ffa58810000 - 0x00007ffa58aab000 	C:\WINDOWS\WinSxS\amd64_microsoft.windows.common-controls_6595b64144ccf1df_6.0.19041.6456_none_60b8a6cb71f64256\COMCTL32.dll
0x00007ffa6c870000 - 0x00007ffa6c87a000 	C:\WINDOWS\SYSTEM32\VERSION.dll
0x00007ffa57c60000 - 0x00007ffa57c7b000 	C:\Program Files\Java\jdk-21\bin\VCRUNTIME140.dll
0x00007ffa6ec30000 - 0x00007ffa6ec5f000 	C:\WINDOWS\System32\IMM32.DLL
0x00007ffa59f90000 - 0x00007ffa59f9c000 	C:\Program Files\Java\jdk-21\bin\vcruntime140_1.dll
0x00007ffa376f0000 - 0x00007ffa3777e000 	C:\Program Files\Java\jdk-21\bin\msvcp140.dll
0x00007ff9fc1f0000 - 0x00007ff9fcf0d000 	C:\Program Files\Java\jdk-21\bin\server\jvm.dll
0x00007ffa70a00000 - 0x00007ffa70a6b000 	C:\WINDOWS\System32\WS2_32.dll
0x00007ffa6e0e0000 - 0x00007ffa6e12b000 	C:\WINDOWS\SYSTEM32\POWRPROF.dll
0x00007ffa535c0000 - 0x00007ffa535e7000 	C:\WINDOWS\SYSTEM32\WINMM.dll
0x00007ffa6e0c0000 - 0x00007ffa6e0d2000 	C:\WINDOWS\SYSTEM32\UMPDC.dll
0x00007ffa6ca50000 - 0x00007ffa6ca62000 	C:\WINDOWS\SYSTEM32\kernel.appcore.dll
0x00007ffa59f60000 - 0x00007ffa59f6a000 	C:\Program Files\Java\jdk-21\bin\jimage.dll
0x00007ffa61680000 - 0x00007ffa61881000 	C:\WINDOWS\SYSTEM32\DBGHELP.DLL
0x00007ffa42070000 - 0x00007ffa420a4000 	C:\WINDOWS\SYSTEM32\dbgcore.DLL
0x00007ffa6e380000 - 0x00007ffa6e402000 	C:\WINDOWS\System32\bcryptPrimitives.dll
0x00007ffa3e5b0000 - 0x00007ffa3e5ec000 	C:\Program Files\Java\jdk-21\bin\jdwp.dll
0x00007ffa58cd0000 - 0x00007ffa58cdf000 	C:\Program Files\Java\jdk-21\bin\instrument.dll
0x00007ffa57630000 - 0x00007ffa5764f000 	C:\Program Files\Java\jdk-21\bin\java.dll
0x00007ffa1f4c0000 - 0x00007ffa1f6f9000 	C:\Users\USER\AppData\Local\Temp\idea_libasyncProfiler_dll_temp_folder2\libasyncProfiler.dll
0x00007ffa575a0000 - 0x00007ffa575b8000 	C:\Program Files\Java\jdk-21\bin\zip.dll
0x00007ffa6ef30000 - 0x00007ffa6f6a0000 	C:\WINDOWS\System32\SHELL32.dll
0x00007ffa6bfb0000 - 0x00007ffa6c755000 	C:\WINDOWS\SYSTEM32\windows.storage.dll
0x00007ffa6faf0000 - 0x00007ffa6fe44000 	C:\WINDOWS\System32\combase.dll
0x00007ffa6daf0000 - 0x00007ffa6db1b000 	C:\WINDOWS\SYSTEM32\Wldp.dll
0x00007ffa6ee60000 - 0x00007ffa6ef2d000 	C:\WINDOWS\System32\OLEAUT32.dll
0x00007ffa70330000 - 0x00007ffa703dd000 	C:\WINDOWS\System32\SHCORE.dll
0x00007ffa70b50000 - 0x00007ffa70bab000 	C:\WINDOWS\System32\shlwapi.dll
0x00007ffa6e1b0000 - 0x00007ffa6e1d4000 	C:\WINDOWS\SYSTEM32\profapi.dll
0x00007ffa57c30000 - 0x00007ffa57c3c000 	C:\Program Files\Java\jdk-21\bin\dt_socket.dll
0x00007ffa6d5d0000 - 0x00007ffa6d60b000 	C:\WINDOWS\SYSTEM32\IPHLPAPI.DLL
0x00007ffa6d8d0000 - 0x00007ffa6d93a000 	C:\WINDOWS\system32\mswsock.dll
0x00007ffa595c0000 - 0x00007ffa595d0000 	C:\Program Files\Java\jdk-21\bin\net.dll
0x00007ffa6c880000 - 0x00007ffa6c98a000 	C:\WINDOWS\SYSTEM32\WINHTTP.dll
0x00007ffa57610000 - 0x00007ffa57626000 	C:\Program Files\Java\jdk-21\bin\nio.dll
0x00007ffa6d610000 - 0x00007ffa6d6da000 	C:\WINDOWS\SYSTEM32\DNSAPI.dll
0x00007ffa70740000 - 0x00007ffa70748000 	C:\WINDOWS\System32\NSI.dll
0x00007ffa66d20000 - 0x00007ffa66d2a000 	C:\Windows\System32\rasadhlp.dll
0x00007ffa63630000 - 0x00007ffa636b0000 	C:\WINDOWS\System32\fwpuclnt.dll
0x00007ffa56af0000 - 0x00007ffa56afa000 	C:\Program Files\Java\jdk-21\bin\management.dll
0x00007ffa56ae0000 - 0x00007ffa56aeb000 	C:\Program Files\Java\jdk-21\bin\management_ext.dll
0x00007ffa6fe50000 - 0x00007ffa6fe58000 	C:\WINDOWS\System32\PSAPI.DLL
0x00007ffa6db30000 - 0x00007ffa6db48000 	C:\WINDOWS\SYSTEM32\CRYPTSP.dll
0x00007ffa6d210000 - 0x00007ffa6d248000 	C:\WINDOWS\system32\rsaenh.dll
0x00007ffa6e170000 - 0x00007ffa6e19e000 	C:\WINDOWS\SYSTEM32\USERENV.dll
0x00007ffa6da60000 - 0x00007ffa6da6c000 	C:\WINDOWS\SYSTEM32\CRYPTBASE.dll
0x00007ffa46520000 - 0x00007ffa46537000 	C:\WINDOWS\system32\napinsp.dll
0x00007ffa46500000 - 0x00007ffa4651b000 	C:\WINDOWS\system32\pnrpnsp.dll
0x00007ffa6aa70000 - 0x00007ffa6aa8d000 	C:\WINDOWS\system32\wshbth.dll
0x00007ffa68b50000 - 0x00007ffa68b6d000 	C:\WINDOWS\system32\NLAapi.dll
0x00007ffa464e0000 - 0x00007ffa464f2000 	C:\WINDOWS\System32\winrnr.dll
0x00007ffa57930000 - 0x00007ffa57939000 	C:\Program Files\Java\jdk-21\bin\extnet.dll
0x00007ffa560c0000 - 0x00007ffa560d0000 	C:\Program Files\Java\jdk-21\bin\verify.dll
0x00007ffa57a50000 - 0x00007ffa57a5e000 	C:\Program Files\Java\jdk-21\bin\sunmscapi.dll
0x00007ffa6e820000 - 0x00007ffa6e97d000 	C:\WINDOWS\System32\CRYPT32.dll
0x00007ffa6dc40000 - 0x00007ffa6dc67000 	C:\WINDOWS\SYSTEM32\ncrypt.dll
0x00007ffa6dc00000 - 0x00007ffa6dc3b000 	C:\WINDOWS\SYSTEM32\NTASN1.dll

dbghelp: loaded successfully - version: 4.0.5 - missing functions: none
symbol engine: initialized successfully - sym options: 0x614 - pdb path: .;C:\Program Files\Java\jdk-21\bin;C:\WINDOWS\SYSTEM32;C:\WINDOWS\WinSxS\amd64_microsoft.windows.common-controls_6595b64144ccf1df_6.0.19041.6456_none_60b8a6cb71f64256;C:\Program Files\Java\jdk-21\bin\server;C:\Users\USER\AppData\Local\Temp\idea_libasyncProfiler_dll_temp_folder2

VM Arguments:
jvm_args: -agentlib:jdwp=transport=dt_socket,address=127.0.0.1:49259,suspend=y,server=n -javaagent:C:\Users\USER\AppData\Local\JetBrains\IntelliJIdea2026.1\captureAgent\debugger-agent.jar=file:///C:/Users/USER/AppData/Local/Temp/capture17556606720563680357.props -agentpath:C:\Users\USER\AppData\Local\Temp\idea_libasyncProfiler_dll_temp_folder2\libasyncProfiler.dll=version,jfr,event=wall,interval=10ms,cstack=no,file=C:\Users\USER\IdeaSnapshots\BackendApplication_2026_08_23_110611.jfr,dbghelppath=C:\Users\USER\AppData\Local\Temp\idea_dbghelp_dll_temp_folder2\dbghelp.dll,log=C:\Users\USER\AppData\Local\Temp\BackendApplication_2026_08_23_110611.jfr.log.txt,logLevel=DEBUG -XX:TieredStopAtLevel=1 -Dspring.output.ansi.enabled=always -Dcom.sun.management.jmxremote -Dspring.jmx.enabled=true -Dspring.liveBeansView.mbeanDomain -Dspring.application.admin.enabled=true -Dmanagement.endpoints.jmx.exposure.include=* -Dkotlinx.coroutines.debug.enable.creation.stack.trace=false -Ddebugger.agent.enable.coroutines=true -Dkotlinx.coroutines.debug.enable.flows.stack.trace=true -Dkotlinx.coroutines.debug.enable.mutable.state.flows.stack.trace=true -Ddebugger.async.stack.trace.for.all.threads=true -Dfile.encoding=UTF-8 -Dsun.stdout.encoding=UTF-8 -Dsun.stderr.encoding=UTF-8 
java_command: com.simple_cabinet_medical.Backend.BackendApplication
java_class_path (initial): C:\Users\USER\Desktop\SCM\scm-back\target\classes;C:\Users\USER\.m2\repository\org\springframework\boot\spring-boot-starter-web\3.3.3\spring-boot-starter-web-3.3.3.jar;C:\Users\USER\.m2\repository\org\springframework\boot\spring-boot-starter\3.3.3\spring-boot-starter-3.3.3.jar;C:\Users\USER\.m2\repository\org\springframework\boot\spring-boot-starter-logging\3.3.3\spring-boot-starter-logging-3.3.3.jar;C:\Users\USER\.m2\repository\ch\qos\logback\logback-classic\1.5.7\logback-classic-1.5.7.jar;C:\Users\USER\.m2\repository\ch\qos\logback\logback-core\1.5.7\logback-core-1.5.7.jar;C:\Users\USER\.m2\repository\org\apache\logging\log4j\log4j-to-slf4j\2.23.1\log4j-to-slf4j-2.23.1.jar;C:\Users\USER\.m2\repository\org\slf4j\jul-to-slf4j\2.0.16\jul-to-slf4j-2.0.16.jar;C:\Users\USER\.m2\repository\jakarta\annotation\jakarta.annotation-api\2.1.1\jakarta.annotation-api-2.1.1.jar;C:\Users\USER\.m2\repository\org\yaml\snakeyaml\2.2\snakeyaml-2.2.jar;C:\Users\USER\.m2\repository\org\springframework\boot\spring-boot-starter-json\3.3.3\spring-boot-starter-json-3.3.3.jar;C:\Users\USER\.m2\repository\com\fasterxml\jackson\datatype\jackson-datatype-jdk8\2.17.2\jackson-datatype-jdk8-2.17.2.jar;C:\Users\USER\.m2\repository\com\fasterxml\jackson\datatype\jackson-datatype-jsr310\2.17.2\jackson-datatype-jsr310-2.17.2.jar;C:\Users\USER\.m2\repository\com\fasterxml\jackson\module\jackson-module-parameter-names\2.17.2\jackson-module-parameter-names-2.17.2.jar;C:\Users\USER\.m2\repository\org\springframework\boot\spring-boot-starter-tomcat\3.3.3\spring-boot-starter-tomcat-3.3.3.jar;C:\Users\USER\.m2\repository\org\apache\tomcat\embed\tomcat-embed-core\10.1.28\tomcat-embed-core-10.1.28.jar;C:\Users\USER\.m2\repository\org\apache\tomcat\embed\tomcat-embed-websocket\10.1.28\tomcat-embed-websocket-10.1.28.jar;C:\Users\USER\.m2\repository\org\springframework\spring-web\6.1.12\spring-web-6.1.12.jar;C:\Users\USER\.m2\repository\org\springframework\spring-beans\6.1.12\spring-beans-6.1.12.jar;C:\Users\USER\.m2\repository\org\springframework\spring-webmvc\6.1.12\spring-webmvc-6.1.12.jar;C:\Users\USER\.m2\repository\org\springframework\spring-context\6.1.12\spring-context-6.1.12.jar;C:\Users\USER\.m2\repository\org\springframework\spring-expression\6.1.12\spring-expression-6.1.12.jar;C:\Users\USER\.m2\repository\org\springframework\boot\spring-boot-starter-data-jpa\3.3.3\spring-boot-starter-data-jpa-3.3.3.jar;C:\Users\USER\.m2\repository\org\springframework\boot\spring-boot-starter-jdbc\3.3.3\spring-boot-starter-jdbc-3.3.3.jar;C:\Users\USER\.m2\repository\com\zaxxer\HikariCP\5.1.0\HikariCP-5.1.0.jar;C:\Users\USER\.m2\repository\org\springframework\spring-jdbc\6.1.12\spring-jdbc-6.1.12.jar;C:\Users\USER\.m2\repository\org\hibernate\orm\hibernate-core\6.5.2.Final\hibernate-core-6.5.2.Final.jar;C:\Users\USER\.m2\repository\jakarta\persistence\jakarta.persistence-api\3.1.0\jakarta.persistence-api-3.1.0.jar;C:\Users\USER\.m2\repository\jakarta\transaction\jakarta.transaction-api\2.0.1\jakarta.transaction-api-2.0.1.jar;C:\Users\USER\.m2\repository\org\jboss\logging\jboss-logging\3.5.3.Final\jboss-logging-3.5.3.Final.jar;C:\Users\USER\.m2\repository\org\hibernate\common\hibernate-commons-annotations\6.0.6.Final\hibernate-commons-annotations-6.0.6.Final.jar;C:\Users\USER\.m2\repository\io\smallrye\jandex\3.1.2\jandex-3.1.2.jar;C:\Users\USER\.m2\repository\com\fasterxml\classmate\1.7.0\classmate-1.7.0.jar;C:\Users\USER\.m2\repository\net\bytebuddy\byte-buddy\1.14.19\byte-buddy-1.14.19.jar;C:\Users\USER\.m2\repository\org\glassfish\jaxb\jaxb-runtime\4.0.5\jaxb-runtime-4.0.5.jar;C:\Users\USER\.m2\repository\org\glassfish\jaxb\jaxb-core\4.0.5\jaxb-core-4.0.5.jar;C:\Users\USER\.m2\repository\org\glassfish\jaxb\txw2\4.0.5\txw2-4.0.5.jar;C:\Users\USER\.m2\repository\com\sun\istack\istack-commons-runtime\4.1.2\istack-commons-runtime-4.1.2.jar;C:\Users\USER\.m2\repository\jakarta\inject\jakarta.inject-api\2.0.1\jakarta.inject-api-2.0.1.jar;C:\Users\USER\.m2\repository\org\antlr\antlr4-runtime\4.13.0\antlr4-runtime-4.13.0.jar;C:\Users\USER\.m2\repository\org\springframework\data\spring-data-jpa\3.3.3\spring-data-jpa-3.3.3.jar;C:\Users\USER\.m2\repository\org\springframework\data\spring-data-commons\3.3.3\spring-data-commons-3.3.3.jar;C:\Users\USER\.m2\repository\org\springframework\spring-orm\6.1.12\spring-orm-6.1.12.jar;C:\Users\USER\.m2\repository\org\springframework\spring-tx\6.1.12\spring-tx-6.1.12.jar;C:\Users\USER\.m2\repository\org\slf4j\slf4j-api\2.0.16\slf4j-api-2.0.16.jar;C:\Users\USER\.m2\repository\org\springframework\spring-aspects\6.1.12\spring-aspects-6.1.12.jar;C:\Users\USER\.m2\repository\org\springframework\boot\spring-boot-starter-batch\3.3.3\spring-boot-starter-batch-3.3.3.jar;C:\Users\USER\.m2\repository\org\springframework\batch\spring-batch-core\5.1.2\spring-batch-core-5.1.2.jar;C:\Users\USER\.m2\repository\org\springframework\batch\spring-batch-infrastructure\5.1.2\spring-batch-infrastructure-5.1.2.jar;C:\Users\USER\.m2\repository\org\springframework\retry\spring-retry\2.0.8\spring-retry-2.0.8.jar;C:\Users\USER\.m2\repository\io\micrometer\micrometer-core\1.13.3\micrometer-core-1.13.3.jar;C:\Users\USER\.m2\repository\org\hdrhistogram\HdrHistogram\2.2.2\HdrHistogram-2.2.2.jar;C:\Users\USER\.m2\repository\org\latencyutils\LatencyUtils\2.0.3\LatencyUtils-2.0.3.jar;C:\Users\USER\.m2\repository\org\springframework\boot\spring-boot-starter-security\3.3.3\spring-boot-starter-security-3.3.3.jar;C:\Users\USER\.m2\repository\org\springframework\spring-aop\6.1.12\spring-aop-6.1.12.jar;C:\Users\USER\.m2\repository\org\springframework\security\spring-security-config\6.3.3\spring-security-config-6.3.3.jar;C:\Users\USER\.m2\repository\org\springframework\security\spring-security-web\6.3.3\spring-security-web-6.3.3.jar;C:\Users\USER\.m2\repository\io\jsonwebtoken\jjwt-api\0.11.5\jjwt-api-0.11.5.jar;C:\Users\USER\.m2\repository\io\jsonwebtoken\jjwt-impl\0.11.5\jjwt-impl-0.11.5.jar;C:\Users\USER\.m2\repository\io\jsonwebtoken\jjwt-jackson\0.11.5\jjwt-jackson-0.11.5.jar;C:\Users\USER\.m2\repository\com\fasterxml\jackson\core\jackson-databind\2.17.2\jackson-databind-2.17.2.jar;C:\Users\USER\.m2\repository\com\fasterxml\jackson\core\jackson-annotations\2.17.2\jackson-annotations-2.17.2.jar;C:\Users\USER\.m2\repository\org\postgresql\postgresql\42.7.3\postgresql-42.7.3.jar;C:\Users\USER\.m2\repository\org\checkerframework\checker-qual\3.42.0\checker-qual-3.42.0.jar;C:\Users\USER\.m2\repository\net\sf\ucanaccess\ucanaccess\5.0.1\ucanaccess-5.0.1.jar;C:\Users\USER\.m2\repository\com\healthmarketscience\jackcess\jackcess\4.0.5\jackcess-4.0.5.jar;C:\Users\USER\.m2\repository\org\apache\commons\commons-lang3\3.14.0\commons-lang3-3.14.0.jar;C:\Users\USER\.m2\repository\commons-logging\commons-logging\1.2\commons-logging-1.2.jar;C:\Users\USER\.m2\repository\org\hsqldb\hsqldb\2.5.0\hsqldb-2.5.0.jar;C:\Users\USER\.m2\repository\org\springframework\boot\spring-boot-starter-actuator\3.3.3\spring-boot-starter-actuator-3.3.3.jar;C:\Users\USER\.m2\repository\org\springframework\boot\spring-boot-actuator-autoconfigure\3.3.3\spring-boot-actuator-autoconfigure-3.3.3.jar;C:\Users\USER\.m2\repository\org\springframework\boot\spring-boot-actuator\3.3.3\spring-boot-actuator-3.3.3.jar;C:\Users\USER\.m2\repository\io\micrometer\micrometer-observation\1.13.3\micrometer-observation-1.13.3.jar;C:\Users\USER\.m2\repository\io\micrometer\micrometer-commons\1.13.3\micrometer-commons-1.13.3.jar;C:\Users\USER\.m2\repository\io\micrometer\micrometer-jakarta9\1.13.3\micrometer-jakarta9-1.13.3.jar;C:\Users\USER\.m2\repository\com\google\cloud\google-cloud-storage\2.38.0\google-cloud-storage-2.38.0.jar;C:\Users\USER\.m2\repository\com\google\guava\guava\33.1.0-jre\guava-33.1.0-jre.jar;C:\Users\USER\.m2\repository\com\google\guava\failureaccess\1.0.2\failureaccess-1.0.2.jar;C:\Users\USER\.m2\repository\com\google\guava\listenablefuture\9999.0-empty-to-avoid-conflict-with-guava\listenablefuture-9999.0-empty-to-avoid-conflict-with-guava.jar;C:\Users\USER\.m2\repository\com\google\errorprone\error_prone_annotations\2.26.1\error_prone_annotations-2.26.1.jar;C:\Users\USER\.m2\repository\com\google\j2objc\j2objc-annotations\3.0.0\j2objc-annotations-3.0.0.jar;C:\Users\USER\.m2\repository\com\google\http-client\google-http-client\1.44.1\google-http-client-1.44.1.jar;C:\Users\USER\.m2\repository\io\grpc\grpc-context\1.62.2\grpc-context-1.62.2.jar;C:\Users\USER\.m2\repository\io\opencensus\opencensus-contrib-http-util\0.31.1\opencensus-contrib-http-util-0.31.1.jar;C:\Users\USER\.m2\repository\com\google\http-client\google-http-client-jackson2\1.44.1\google-http-client-jackson2-1.44.1.jar;C:\Users\USER\.m2\repository\com\google\http-client\google-http-client-gson\1.44.1\google-http-client-gson-1.44.1.jar;C:\Users\USER\.m2\repository\com\google\api-client\google-api-client\2.4.0\google-api-client-2.4.0.jar;C:\Users\USER\.m2\repository\commons-codec\commons-codec\1.16.1\commons-codec-1.16.1.jar;C:\Users\USER\.m2\repository\com\google\oauth-client\google-oauth-client\1.35.0\google-oauth-client-1.35.0.jar;C:\Users\USER\.m2\repository\com\google\http-client\google-http-client-apache-v2\1.44.1\google-http-client-apache-v2-1.44.1.jar;C:\Users\USER\.m2\repository\com\google\apis\google-api-services-storage\v1-rev20240319-2.0.0\google-api-services-storage-v1-rev20240319-2.0.0.jar;C:\Users\USER\.m2\repository\com\google\code\gson\gson\2.10.1\gson-2.10.1.jar;C:\Users\USER\.m2\repository\com\google\cloud\google-cloud-core\2.38.0\google-cloud-core-2.38.0.jar;C:\Users\USER\.m2\repository\com\google\auto\value\auto-value-annotations\1.10.4\auto-value-annotations-1.10.4.jar;C:\Users\USER\.m2\repository\com\google\cloud\google-cloud-core-http\2.38.0\google-cloud-core-http-2.38.0.jar;C:\Users\USER\.m2\repository\com\google\http-client\google-http-client-appengine\1.44.1\google-http-client-appengine-1.44.1.jar;C:\Users\USER\.m2\repository\com\google\api\gax-httpjson\2.48.0\gax-httpjson-2.48.0.jar;C:\Users\USER\.m2\repository\com\google\cloud\google-cloud-core-grpc\2.38.0\google-cloud-core-grpc-2.38.0.jar;C:\Users\USER\.m2\repository\com\google\api\gax\2.48.0\gax-2.48.0.jar;C:\Users\USER\.m2\repository\com\google\api\gax-grpc\2.48.0\gax-grpc-2.48.0.jar;C:\Users\USER\.m2\repository\io\grpc\grpc-inprocess\1.62.2\grpc-inprocess-1.62.2.jar;C:\Users\USER\.m2\repository\io\grpc\grpc-alts\1.62.2\grpc-alts-1.62.2.jar;C:\Users\USER\.m2\repository\io\grpc\grpc-grpclb\1.62.2\grpc-grpclb-1.62.2.jar;C:\Users\USER\.m2\repository\org\conscrypt\conscrypt-openjdk-uber\2.5.2\conscrypt-openjdk-uber-2.5.2.jar;C:\Users\USER\.m2\repository\io\grpc\grpc-auth\1.62.2\grpc-auth-1.62.2.jar;C:\Users\USER\.m2\repository\com\google\auth\google-auth-library-credentials\1.23.0\google-auth-library-credentials-1.23.0.jar;C:\Users\USER\.m2\repository\com\google\auth\google-auth-library-oauth2-http\1.23.0\google-auth-library-oauth2-http-1.23.0.jar;C:\Users\USER\.m2\repository\com\google\api\api-common\2.31.0\api-common-2.31.0.jar;C:\Users\USER\.m2\repository\javax\annotation\javax.annotation-api\1.3.2\javax.annotation-api-1.3.2.jar;C:\Users\USER\.m2\repository\io\opencensus\opencensus-api\0.31.1\opencensus-api-0.31.1.jar;C:\Users\USER\.m2\repository\com\google\api\grpc\proto-google-iam-v1\1.34.0\proto-google-iam-v1-1.34.0.jar;C:\Users\USER\.m2\repository\com\google\protobuf\protobuf-java\3.25.3\protobuf-java-3.25.3.jar;C:\Users\USER\.m2\repository\com\google\protobuf\protobuf-java-util\3.25.3\protobuf-java-util-3.25.3.jar;C:\Users\USER\.m2\repository\io\grpc\grpc-core\1.62.2\grpc-core-1.62.2.jar;C:\Users\USER\.m2\repository\com\google\android\annotations\4.1.1.4\annotations-4.1.1.4.jar;C:\Users\USER\.m2\repository\org\codehaus\mojo\animal-sniffer-annotations\1.23\animal-sniffer-annotations-1.23.jar;C:\Users\USER\.m2\repository\io\perfmark\perfmark-api\0.27.0\perfmark-api-0.27.0.jar;C:\Users\USER\.m2\repository\io\grpc\grpc-protobuf\1.62.2\grpc-protobuf-1.62.2.jar;C:\Users\USER\.m2\repository\io\grpc\grpc-protobuf-lite\1.62.2\grpc-protobuf-lite-1.62.2.jar;C:\Users\USER\.m2\repository\com\google\api\grpc\proto-google-common-protos\2.39.0\proto-google-common-protos-2.39.0.jar;C:\Users\USER\.m2\repository\org\threeten\threetenbp\1.6.9\threetenbp-1.6.9.jar;C:\Users\USER\.m2\repository\com\google\api\grpc\proto-google-cloud-storage-v2\2.38.0-alpha\proto-google-cloud-storage-v2-2.38.0-alpha.jar;C:\Users\USER\.m2\repository\com\google\api\grpc\grpc-google-cloud-storage-v2\2.38.0-alpha\grpc-google-cloud-storage-v2-2.38.0-alpha.jar;C:\Users\USER\.m2\repository\com\google\api\grpc\gapic-google-cloud-storage-v2\2.38.0-alpha\gapic-google-cloud-storage-v2-2.38.0-alpha.jar;C:\Users\USER\.m2\repository\com\fasterxml\jackson\core\jackson-core\2.17.2\jackson-core-2.17.2.jar;C:\Users\USER\.m2\repository\com\google\code\findbugs\jsr305\3.0.2\jsr305-3.0.2.jar;C:\Users\USER\.m2\repository\io\grpc\grpc-api\1.62.2\grpc-api-1.62.2.jar;C:\Users\USER\.m2\repository\io\grpc\grpc-netty-shaded\1.62.2\grpc-netty-shaded-1.62.2.jar;C:\Users\USER\.m2\repository\io\grpc\grpc-util\1.62.2\grpc-util-1.62.2.jar;C:\Users\USER\.m2\repository\io\grpc\grpc-stub\1.62.2\grpc-stub-1.62.2.jar;C:\Users\USER\.m2\repository\io\grpc\grpc-googleapis\1.62.2\grpc-googleapis-1.62.2.jar;C:\Users\USER\.m2\repository\io\grpc\grpc-xds\1.62.2\grpc-xds-1.62.2.jar;C:\Users\USER\.m2\repository\io\opencensus\opencensus-proto\0.2.0\opencensus-proto-0.2.0.jar;C:\Users\USER\.m2\repository\io\grpc\grpc-services\1.62.2\grpc-services-1.62.2.jar;C:\Users\USER\.m2\repository\com\google\re2j\re2j\1.7\re2j-1.7.jar;C:\Users\USER\.m2\repository\io\grpc\grpc-rls\1.62.2\grpc-rls-1.62.2.jar;C:\Users\USER\.m2\repository\com\lowagie\itext\2.1.7\itext-2.1.7.jar;C:\Users\USER\.m2\repository\bouncycastle\bcmail-jdk14\138\bcmail-jdk14-138.jar;C:\Users\USER\.m2\repository\bouncycastle\bcprov-jdk14\138\bcprov-jdk14-138.jar;C:\Users\USER\.m2\repository\org\bouncycastle\bctsp-jdk14\1.38\bctsp-jdk14-1.38.jar;C:\Users\USER\.m2\repository\org\bouncycastle\bcprov-jdk14\1.38\bcprov-jdk14-1.38.jar;C:\Users\USER\.m2\repository\org\bouncycastle\bcmail-jdk14\1.38\bcmail-jdk14-1.38.jar;C:\Users\USER\.m2\repository\com\jayway\jsonpath\json-path\2.9.0\json-path-2.9.0.jar;C:\Users\USER\.m2\repository\jakarta\xml\bind\jakarta.xml.bind-api\4.0.2\jakarta.xml.bind-api-4.0.2.jar;C:\Users\USER\.m2\repository\jakarta\activation\jakarta.activation-api\2.1.3\jakarta.activation-api-2.1.3.jar;C:\Users\USER\.m2\repository\net\minidev\json-smart\2.5.1\json-smart-2.5.1.jar;C:\Users\USER\.m2\repository\net\minidev\accessors-smart\2.5.1\accessors-smart-2.5.1.jar;C:\Users\USER\.m2\repository\org\ow2\asm\asm\9.6\asm-9.6.jar;C:\Users\USER\.m2\repository\org\springframework\spring-core\6.1.12\spring-core-6.1.12.jar;C:\Users\USER\.m2\repository\org\springframework\spring-jcl\6.1.12\spring-jcl-6.1.12.jar;C:\Users\USER\.m2\repository\org\springdoc\springdoc-openapi-starter-webmvc-ui\2.5.0\springdoc-openapi-starter-webmvc-ui-2.5.0.jar;C:\Users\USER\.m2\repository\org\springdoc\springdoc-openapi-starter-webmvc-api\2.5.0\springdoc-openapi-starter-webmvc-api-2.5.0.jar;C:\Users\USER\.m2\repository\org\springdoc\springdoc-openapi-starter-common\2.5.0\springdoc-openapi-starter-common-2.5.0.jar;C:\Users\USER\.m2\repository\io\swagger\core\v3\swagger-core-jakarta\2.2.21\swagger-core-jakarta-2.2.21.jar;C:\Users\USER\.m2\repository\io\swagger\core\v3\swagger-annotations-jakarta\2.2.21\swagger-annotations-jakarta-2.2.21.jar;C:\Users\USER\.m2\repository\io\swagger\core\v3\swagger-models-jakarta\2.2.21\swagger-models-jakarta-2.2.21.jar;C:\Users\USER\.m2\repository\com\fasterxml\jackson\dataformat\jackson-dataformat-yaml\2.17.2\jackson-dataformat-yaml-2.17.2.jar;C:\Users\USER\.m2\repository\org\webjars\swagger-ui\5.13.0\swagger-ui-5.13.0.jar;C:\Users\USER\.m2\repository\org\apache\poi\poi-ooxml\5.2.5\poi-ooxml-5.2.5.jar;C:\Users\USER\.m2\repository\org\apache\poi\poi\5.2.5\poi-5.2.5.jar;C:\Users\USER\.m2\repository\org\apache\commons\commons-math3\3.6.1\commons-math3-3.6.1.jar;C:\Users\USER\.m2\repository\com\zaxxer\SparseBitSet\1.3\SparseBitSet-1.3.jar;C:\Users\USER\.m2\repository\org\apache\poi\poi-ooxml-lite\5.2.5\poi-ooxml-lite-5.2.5.jar;C:\Users\USER\.m2\repository\org\apache\xmlbeans\xmlbeans\5.2.0\xmlbeans-5.2.0.jar;C:\Users\USER\.m2\repository\org\apache\commons\commons-compress\1.25.0\commons-compress-1.25.0.jar;C:\Users\USER\.m2\repository\commons-io\commons-io\2.15.0\commons-io-2.15.0.jar;C:\Users\USER\.m2\repository\com\github\virtuald\curvesapi\1.08\curvesapi-1.08.jar;C:\Users\USER\.m2\repository\org\apache\logging\log4j\log4j-api\2.23.1\log4j-api-2.23.1.jar;C:\Users\USER\.m2\repository\org\apache\commons\commons-collections4\4.4\commons-collections4-4.4.jar;C:\Users\USER\.m2\repository\org\springframework\boot\spring-boot-starter-validation\3.3.3\spring-boot-starter-validation-3.3.3.jar;C:\Users\USER\.m2\repository\org\apache\tomcat\embed\tomcat-embed-el\10.1.28\tomcat-embed-el-10.1.28.jar;C:\Users\USER\.m2\repository\org\hibernate\validator\hibernate-validator\8.0.1.Final\hibernate-validator-8.0.1.Final.jar;C:\Users\USER\.m2\repository\jakarta\validation\jakarta.validation-api\3.0.2\jakarta.validation-api-3.0.2.jar;C:\Users\USER\.m2\repository\org\springframework\boot\spring-boot-starter-aop\3.3.3\spring-boot-starter-aop-3.3.3.jar;C:\Users\USER\.m2\repository\org\aspectj\aspectjweaver\1.9.22.1\aspectjweaver-1.9.22.1.jar;C:\Users\USER\.m2\repository\org\springframework\boot\spring-boot-starter-data-rest\3.3.3\spring-boot-starter-data-rest-3.3.3.jar;C:\Users\USER\.m2\repository\org\springframework\data\spring-data-rest-webmvc\4.3.3\spring-data-rest-webmvc-4.3.3.jar;C:\Users\USER\.m2\repository\org\springframework\data\spring-data-rest-core\4.3.3\spring-data-rest-core-4.3.3.jar;C:\Users\USER\.m2\repository\org\springframework\hateoas\spring-hateoas\2.3.2\spring-hateoas-2.3.2.jar;C:\Users\USER\.m2\repository\org\springframework\plugin\spring-plugin-core\3.0.0\spring-plugin-core-3.0.0.jar;C:\Users\USER\.m2\repository\org\atteo\evo-inflector\1.3\evo-inflector-1.3.jar;C:\Users\USER\.m2\repository\org\springframework\boot\spring-boot-starter-mail\3.3.3\spring-boot-starter-mail-3.3.3.jar;C:\Users\USER\.m2\repository\org\springframework\spring-context-support\6.1.12\spring-context-support-6.1.12.jar;C:\Users\USER\.m2\repository\org\eclipse\angus\jakarta.mail\2.0.3\jakarta.mail-2.0.3.jar;C:\Users\USER\.m2\repository\org\eclipse\angus\angus-activation\2.0.2\angus-activation-2.0.2.jar;C:\Users\USER\.m2\repository\org\springframework\boot\spring-boot-starter-thymeleaf\3.3.3\spring-boot-starter-thymeleaf-3.3.3.jar;C:\Users\USER\.m2\repository\org\thymeleaf\thymeleaf-spring6\3.1.2.RELEASE\thymeleaf-spring6-3.1.2.RELEASE.jar;C:\Users\USER\.m2\repository\org\thymeleaf\thymeleaf\3.1.2.RELEASE\thymeleaf-3.1.2.RELEASE.jar;C:\Users\USER\.m2\repository\org\attoparser\attoparser\2.0.7.RELEASE\attoparser-2.0.7.RELEASE.jar;C:\Users\USER\.m2\repository\org\unbescape\unbescape\1.1.6.RELEASE\unbescape-1.1.6.RELEASE.jar;C:\Users\USER\.m2\repository\org\springframework\security\spring-security-core\6.3.3\spring-security-core-6.3.3.jar;C:\Users\USER\.m2\repository\org\springframework\security\spring-security-crypto\6.3.3\spring-security-crypto-6.3.3.jar;C:\Users\USER\.m2\repository\org\springframework\boot\spring-boot-devtools\3.3.3\spring-boot-devtools-3.3.3.jar;C:\Users\USER\.m2\repository\org\springframework\boot\spring-boot\3.3.3\spring-boot-3.3.3.jar;C:\Users\USER\.m2\repository\org\springframework\boot\spring-boot-autoconfigure\3.3.3\spring-boot-autoconfigure-3.3.3.jar;C:\Program Files\JetBrains\IntelliJ IDEA 2026.1.3\lib\idea_rt.jar
Launcher Type: SUN_STANDARD

[Global flags]
     intx CICompilerCount                          = 3                                         {product} {ergonomic}
     uint ConcGCThreads                            = 1                                         {product} {ergonomic}
     uint G1ConcRefinementThreads                  = 4                                         {product} {ergonomic}
   size_t G1HeapRegionSize                         = 1048576                                   {product} {ergonomic}
    uintx GCDrainStackTargetSize                   = 64                                        {product} {ergonomic}
   size_t InitialHeapSize                          = 134217728                                 {product} {ergonomic}
     bool ManagementServer                         = true                                      {product} {command line}
   size_t MarkStackSize                            = 4194304                                   {product} {ergonomic}
   size_t MaxHeapSize                              = 2120220672                                {product} {ergonomic}
   size_t MaxNewSize                               = 1271922688                                {product} {ergonomic}
   size_t MinHeapDeltaBytes                        = 1048576                                   {product} {ergonomic}
   size_t MinHeapSize                              = 8388608                                   {product} {ergonomic}
    uintx NonNMethodCodeHeapSize                   = 4096                                   {pd product} {ergonomic}
    uintx NonProfiledCodeHeapSize                  = 0                                      {pd product} {ergonomic}
     bool ProfileInterpreter                       = false                                  {pd product} {command line}
    uintx ProfiledCodeHeapSize                     = 0                                      {pd product} {ergonomic}
   size_t SoftMaxHeapSize                          = 2120220672                             {manageable} {ergonomic}
     intx TieredStopAtLevel                        = 1                                         {product} {command line}
     bool UseCompressedOops                        = true                           {product lp64_product} {ergonomic}
     bool UseG1GC                                  = true                                      {product} {ergonomic}
     bool UseLargePagesIndividualAllocation        = false                                  {pd product} {ergonomic}

Logging:
Log output configuration:
 #0: stdout all=warning uptime,level,tags foldmultilines=false
 #1: stderr all=off uptime,level,tags foldmultilines=false

Environment Variables:
JAVA_HOME=C:\Program Files\Java\jdk-21
PATH=C:\Users\USER\Desktop\oracle19\bin;C:\oraclexe\app\oracle\product\11.2.0\server\bin;C:\Program Files\Common Files\Oracle\Java\javapath;C:\WINDOWS\system32;C:\WINDOWS;C:\WINDOWS\System32\Wbem;C:\WINDOWS\System32\WindowsPowerShell\v1.0\;C:\WINDOWS\System32\OpenSSH\;C:\winflex;C:\Program Files\CodeBlocks\MinGW\bin;C:\Program Files\Java\jdk-21;C:\Program Files\Java\jdk-17;C:\xampp\php;C:\ProgramData\ComposerSetup\bin;C:\Program Files\Java\jdk-19\bin;%M2_HOME;C:\Program Files\apache-maven-3.9.6-bin (1)\apache-maven-3.9.6;C:\Users\USER\Desktop\apache-maven-3.9.12-bin\apache-maven-3.9.12\bin;C:\Program Files\Git\cmd;C:\Program Files\Docker\Docker\resources\bin;C:\Users\USER\Downloads\web3j-4.0.1\web3j-4.0.1\bin;C:\Program Files\PuTTY\;C:\Program Files\nodejs\;C:\Program Files\Go\bin;C:\Users\USER\AppData\Local\Microsoft\WindowsApps;;%IntelliJ IDEA Community Edition%;C:\Program Files\JetBrains\IntelliJ IDEA 2024.3.2.2\bin;;C:\Users\USER\AppData\Roaming\Composer\vendor\bin;C:\Program Files\JetBrains\PyCharm 2024.1.1\bin;;C:\Users\USER\AppData\Local\Microsoft\WinGet\Packages\Schniz.fnm_Microsoft.Winget.Source_8wekyb3d8bbwe;;C:\Users\USER\.web3j\web3j-cli-shadow-1.6.3\bin;C:\Users\USER\AppData\Roaming\npm;C:\Users\USER\go\bin;C:\Program Files\JetBrains\GoLand 2025.3.1.1\bin;C:\Program Files\JetBrains\IntelliJ IDEA 2026.1.3\bin
USERNAME=USER
OS=Windows_NT
PROCESSOR_IDENTIFIER=Intel64 Family 6 Model 78 Stepping 3, GenuineIntel
TMP=C:\Users\USER\AppData\Local\Temp
TEMP=C:\Users\USER\AppData\Local\Temp




Periodic native trim disabled

---------------  S Y S T E M  ---------------

OS:
 Windows 10 , 64 bit Build 19041 (10.0.19041.5915)
OS uptime: 1 days 19:12 hours
Hyper-V role detected

CPU: total 4 (initial active 4) (2 cores per cpu, 2 threads per core) family 6 model 78 stepping 3 microcode 0xf0, cx8, cmov, fxsr, ht, mmx, 3dnowpref, sse, sse2, sse3, ssse3, sse4.1, sse4.2, popcnt, lzcnt, tsc, tscinvbit, avx, avx2, aes, erms, clmul, bmi1, bmi2, rtm, adx, fma, vzeroupper, clflush, clflushopt, hv, rdtscp, f16c
Processor Information for all 4 processors :
  Max Mhz: 2501, Current Mhz: 2501, Mhz Limit: 2501

Memory: 4k page, system-wide physical 8083M (261M free)
TotalPageFile size 21403M (AvailPageFile size 116M)
current process WorkingSet (physical memory assigned to process): 420M, peak: 420M
current process commit charge ("private bytes"): 485M, peak: 612M

vm_info: Java HotSpot(TM) 64-Bit Server VM (21.0.8+12-LTS-250) for windows-amd64 JRE (21.0.8+12-LTS-250), built on 2025-06-27T08:11:22Z by "mach5one" with MS VC++ 17.6 (VS2022)

END.
